Archive member included to satisfy reference by file (symbol)

c:/progra~1/raspbe~1/picosd~1.1/gcc-ar~1/bin/../lib/gcc/arm-none-eabi/10.3.1/thumb/v6-m/nofp\libgcc.a(_dvmd_tls.o)
                              CMakeFiles/myblink_w.dir/C_/Program_Files/Raspberry_Pi/Pico_SDK_v1.5.1/pico-sdk/src/rp2_common/pico_divider/divider.S.obj (__aeabi_idiv0)
c:/progra~1/raspbe~1/picosd~1.1/gcc-ar~1/bin/../lib/gcc/arm-none-eabi/10.3.1/../../../../arm-none-eabi/lib/thumb/v6-m/nofp\libg.a(lib_a-calloc.o)
                              CMakeFiles/myblink_w.dir/C_/Program_Files/Raspberry_Pi/Pico_SDK_v1.5.1/pico-sdk/src/rp2_common/pico_malloc/pico_malloc.c.obj (calloc)
c:/progra~1/raspbe~1/picosd~1.1/gcc-ar~1/bin/../lib/gcc/arm-none-eabi/10.3.1/../../../../arm-none-eabi/lib/thumb/v6-m/nofp\libg.a(lib_a-callocr.o)
                              c:/progra~1/raspbe~1/picosd~1.1/gcc-ar~1/bin/../lib/gcc/arm-none-eabi/10.3.1/../../../../arm-none-eabi/lib/thumb/v6-m/nofp\libg.a(lib_a-calloc.o) (_calloc_r)
c:/progra~1/raspbe~1/picosd~1.1/gcc-ar~1/bin/../lib/gcc/arm-none-eabi/10.3.1/../../../../arm-none-eabi/lib/thumb/v6-m/nofp\libg.a(lib_a-errno.o)
                              c:/progra~1/raspbe~1/picosd~1.1/gcc-ar~1/bin/../lib/gcc/arm-none-eabi/10.3.1/../../../../arm-none-eabi/lib/thumb/v6-m/nofp\libg.a(lib_a-callocr.o) (__errno)
c:/progra~1/raspbe~1/picosd~1.1/gcc-ar~1/bin/../lib/gcc/arm-none-eabi/10.3.1/../../../../arm-none-eabi/lib/thumb/v6-m/nofp\libg.a(lib_a-impure.o)
                              c:/progra~1/raspbe~1/picosd~1.1/gcc-ar~1/bin/../lib/gcc/arm-none-eabi/10.3.1/../../../../arm-none-eabi/lib/thumb/v6-m/nofp\libg.a(lib_a-calloc.o) (_impure_ptr)
c:/progra~1/raspbe~1/picosd~1.1/gcc-ar~1/bin/../lib/gcc/arm-none-eabi/10.3.1/../../../../arm-none-eabi/lib/thumb/v6-m/nofp\libg.a(lib_a-init.o)
                              c:/progra~1/raspbe~1/picosd~1.1/gcc-ar~1/bin/../lib/gcc/arm-none-eabi/10.3.1/../../../../arm-none-eabi/lib/thumb/v6-m/nofp/crt0.o (__libc_init_array)
c:/progra~1/raspbe~1/picosd~1.1/gcc-ar~1/bin/../lib/gcc/arm-none-eabi/10.3.1/../../../../arm-none-eabi/lib/thumb/v6-m/nofp\libg.a(lib_a-malloc.o)
                              CMakeFiles/myblink_w.dir/C_/Program_Files/Raspberry_Pi/Pico_SDK_v1.5.1/pico-sdk/src/rp2_common/pico_malloc/pico_malloc.c.obj (malloc)
c:/progra~1/raspbe~1/picosd~1.1/gcc-ar~1/bin/../lib/gcc/arm-none-eabi/10.3.1/../../../../arm-none-eabi/lib/thumb/v6-m/nofp\libg.a(lib_a-mallocr.o)
                              c:/progra~1/raspbe~1/picosd~1.1/gcc-ar~1/bin/../lib/gcc/arm-none-eabi/10.3.1/../../../../arm-none-eabi/lib/thumb/v6-m/nofp\libg.a(lib_a-callocr.o) (_malloc_r)
c:/progra~1/raspbe~1/picosd~1.1/gcc-ar~1/bin/../lib/gcc/arm-none-eabi/10.3.1/../../../../arm-none-eabi/lib/thumb/v6-m/nofp\libg.a(lib_a-memcmp.o)
                              CMakeFiles/myblink_w.dir/RfidLoad.c.obj (memcmp)
c:/progra~1/raspbe~1/picosd~1.1/gcc-ar~1/bin/../lib/gcc/arm-none-eabi/10.3.1/../../../../arm-none-eabi/lib/thumb/v6-m/nofp\libg.a(lib_a-memmove.o)
                              CMakeFiles/myblink_w.dir/C_/Program_Files/Raspberry_Pi/Pico_SDK_v1.5.1/pico-sdk/lib/cyw43-driver/src/cyw43_ll.c.obj (memmove)
c:/progra~1/raspbe~1/picosd~1.1/gcc-ar~1/bin/../lib/gcc/arm-none-eabi/10.3.1/../../../../arm-none-eabi/lib/thumb/v6-m/nofp\libg.a(lib_a-mlock.o)
                              c:/progra~1/raspbe~1/picosd~1.1/gcc-ar~1/bin/../lib/gcc/arm-none-eabi/10.3.1/../../../../arm-none-eabi/lib/thumb/v6-m/nofp\libg.a(lib_a-mallocr.o) (__malloc_lock)
c:/progra~1/raspbe~1/picosd~1.1/gcc-ar~1/bin/../lib/gcc/arm-none-eabi/10.3.1/../../../../arm-none-eabi/lib/thumb/v6-m/nofp\libg.a(lib_a-realloc.o)
                              CMakeFiles/myblink_w.dir/C_/Program_Files/Raspberry_Pi/Pico_SDK_v1.5.1/pico-sdk/src/rp2_common/pico_malloc/pico_malloc.c.obj (realloc)
c:/progra~1/raspbe~1/picosd~1.1/gcc-ar~1/bin/../lib/gcc/arm-none-eabi/10.3.1/../../../../arm-none-eabi/lib/thumb/v6-m/nofp\libg.a(lib_a-reallocr.o)
                              c:/progra~1/raspbe~1/picosd~1.1/gcc-ar~1/bin/../lib/gcc/arm-none-eabi/10.3.1/../../../../arm-none-eabi/lib/thumb/v6-m/nofp\libg.a(lib_a-realloc.o) (_realloc_r)
c:/progra~1/raspbe~1/picosd~1.1/gcc-ar~1/bin/../lib/gcc/arm-none-eabi/10.3.1/../../../../arm-none-eabi/lib/thumb/v6-m/nofp\libg.a(lib_a-sbrkr.o)
                              c:/progra~1/raspbe~1/picosd~1.1/gcc-ar~1/bin/../lib/gcc/arm-none-eabi/10.3.1/../../../../arm-none-eabi/lib/thumb/v6-m/nofp\libg.a(lib_a-mallocr.o) (_sbrk_r)
c:/progra~1/raspbe~1/picosd~1.1/gcc-ar~1/bin/../lib/gcc/arm-none-eabi/10.3.1/../../../../arm-none-eabi/lib/thumb/v6-m/nofp\libg.a(lib_a-strlen-stub.o)
                              CMakeFiles/myblink_w.dir/C_/Program_Files/Raspberry_Pi/Pico_SDK_v1.5.1/pico-sdk/src/rp2_common/pico_stdio/stdio.c.obj (strlen)
c:/progra~1/raspbe~1/picosd~1.1/gcc-ar~1/bin/../lib/gcc/arm-none-eabi/10.3.1/../../../../arm-none-eabi/lib/thumb/v6-m/nofp\libg.a(lib_a-strncmp.o)
[...]
Memory Configuration

Name             Origin             Length             Attributes
FLASH            0x10000000         0x00200000         xr
RAM              0x20000000         0x00040000         xrw
SCRATCH_X        0x20040000         0x00001000         xrw
SCRATCH_Y        0x20041000         0x00001000         xrw
*default*        0x00000000         0xffffffff

Linker script and memory map

LOAD c:/progra~1/raspbe~1/picosd~1.1/gcc-ar~1/bin/../lib/gcc/arm-none-eabi/10.3.1/thumb/v6-m/nofp/crti.o
LOAD c:/progra~1/raspbe~1/picosd~1.1/gcc-ar~1/bin/../lib/gcc/arm-none-eabi/10.3.1/thumb/v6-m/nofp/crtbegin.o
LOAD c:/progra~1/raspbe~1/picosd~1.1/gcc-ar~1/bin/../lib/gcc/arm-none-eabi/10.3.1/../../../../arm-none-eabi/lib/thumb/v6-m/nofp/crt0.o

.flash_begin    0x10000000        0x0
                0x10000000                __flash_binary_start = .

.boot2          0x10000000      0x100
                0x10000000                __boot2_start__ = .
 *(.boot2)
 .boot2         0x10000000      0x100 C:\Users\Usuario\AppData\Local\Temp\ccIV7Kqr.o
                0x10000100                __boot2_end__ = .
                0x00000001                ASSERT (((__boot2_end__ - __boot2_start__) == 0x100), ERROR: Pico second stage bootloader must be 256 bytes in size)

.text           0x10000100     0x8930
                0x10000100                __logical_binary_start = .
 *(.vectors)
 .vectors       0x10000100       0xd4 CMakeFiles/myblink_w.dir/C_/Program_Files/Raspberry_Pi/Pico_SDK_v1.5.1/pico-sdk/src/rp2_common/pico_standard_link/crt0.S.obj
                0x10000100                __VECTOR_TABLE
                0x10000100                __vectors
                0x100001c0                isr_invalid
                0x100001c0                __default_isrs_start
                0x100001c2                isr_nmi
                0x100001c4                isr_hardfault
                0x100001c6                isr_svcall
                0x100001c8                isr_pendsv
                0x100001ca                isr_systick
                0x100001cc                isr_irq23
                0x100001cc                isr_irq18
                0x100001cc                isr_irq11
                0x100001cc                isr_irq28
                0x100001cc                isr_irq19
                0x100001cc                isr_irq0
                0x100001cc                isr_irq6
                0x100001cc                isr_irq5
                0x100001cc                isr_irq12
                0x100001cc                isr_irq22
                0x100001cc                isr_irq31
                0x100001cc                isr_irq17
                0x100001cc                isr_irq27
                0x100001cc                isr_irq30
                0x100001cc                isr_irq2
                0x100001cc                isr_irq10
                0x100001cc                isr_irq8
                0x100001cc                isr_irq24
                0x100001cc                isr_irq1
                0x100001cc                isr_irq7
                0x100001cc                isr_irq21
                0x100001cc                isr_irq20
                0x100001cc                isr_irq15
                0x100001cc                isr_irq25
                0x100001cc                isr_irq13
                0x100001cc                __unhandled_user_irq
                0x100001cc                isr_irq4
                0x100001cc                isr_irq16
                0x100001cc                isr_irq29
                0x100001cc                isr_irq26
                0x100001cc                __default_isrs_end
                0x100001cc                isr_irq3
                0x100001cc                isr_irq14
                0x100001cc                isr_irq9
                0x100001d2                unhandled_user_irq_num_in_r0
 *(.binary_info_header)
 .binary_info_header
                0x100001d4       0x14 CMakeFiles/myblink_w.dir/C_/Program_Files/Raspberry_Pi/Pico_SDK_v1.5.1/pico-sdk/src/rp2_common/pico_standard_link/crt0.S.obj
                0x100001e8                __binary_info_header_end = .
 *(.reset)
 .reset         0x100001e8       0xa0 CMakeFiles/myblink_w.dir/C_/Program_Files/Raspberry_Pi/Pico_SDK_v1.5.1/pico-sdk/src/rp2_common/pico_standard_link/crt0.S.obj
                0x100001e8                _entry_point
 .reset         0x10000288       0x30 CMakeFiles/myblink_w.dir/C_/Program_Files/Raspberry_Pi/Pico_SDK_v1.5.1/pico-sdk/src/rp2_common/pico_standard_link/binary_info.c.obj
 *(.init)
 .init          0x100002b8        0x4 c:/progra~1/raspbe~1/picosd~1.1/gcc-ar~1/bin/../lib/gcc/arm-none-eabi/10.3.1/thumb/v6-m/nofp/crti.o
                0x100002b8                _init
 *(EXCLUDE_FILE(*libm.a: *libc.a:*lib_a-mem*.o *libgcc.a:) .text*)
 .text          0x100002bc       0x48 c:/progra~1/raspbe~1/picosd~1.1/gcc-ar~1/bin/../lib/gcc/arm-none-eabi/10.3.1/thumb/v6-m/nofp/crtbegin.o
 .text.timer_callback_1
                0x10000304       0x10 CMakeFiles/myblink_w.dir/RfidLoad.c.obj
                0x10000304                timer_callback_1
 .text.impProd  0x10000314      0x130 CMakeFiles/myblink_w.dir/RfidLoad.c.obj
                0x10000314                impProd
 .text.readBlock
                0x10000444       0xb4 CMakeFiles/myblink_w.dir/RfidLoad.c.obj
                0x10000444                readBlock
 .text.readCard
                0x100004f8       0xac CMakeFiles/myblink_w.dir/RfidLoad.c.obj
                0x100004f8                readCard
 .text.main     0x100005a4      0x330 CMakeFiles/myblink_w.dir/RfidLoad.c.obj
                0x100005a4                main
 .text.MFRC522_Init
                0x100008d4       0x4c CMakeFiles/myblink_w.dir/mfrc522.c.obj
                0x100008d4                MFRC522_Init
 .text.PCD_WriteRegister
                0x10000920       0x46 CMakeFiles/myblink_w.dir/mfrc522.c.obj
                0x10000920                PCD_WriteRegister
 .text.PCD_WriteNRegister
                0x10000966       0x70 CMakeFiles/myblink_w.dir/mfrc522.c.obj
                0x10000966                PCD_WriteNRegister
 .text.PCD_ReadRegister
                0x100009d6       0x62 CMakeFiles/myblink_w.dir/mfrc522.c.obj
                0x100009d6                PCD_ReadRegister
 .text.PCD_ReadNRegister
                0x10000a38       0x68 CMakeFiles/myblink_w.dir/mfrc522.c.obj
                0x10000a38                PCD_ReadNRegister
 .text.PCD_SetRegisterBitMask
                0x10000aa0       0x1c CMakeFiles/myblink_w.dir/mfrc522.c.obj
                0x10000aa0                PCD_SetRegisterBitMask
 .text.PCD_ClearRegisterBitMask
                0x10000abc       0x1a CMakeFiles/myblink_w.dir/mfrc522.c.obj
                0x10000abc                PCD_ClearRegisterBitMask
 *fill*         0x10000ad6        0x2 
 .text.PCD_CalculateCRC
                0x10000ad8       0x7c CMakeFiles/myblink_w.dir/mfrc522.c.obj
                0x10000ad8                PCD_CalculateCRC
 .text.PCD_AntennaOn
                0x10000b54       0x24 CMakeFiles/myblink_w.dir/mfrc522.c.obj
                0x10000b54                PCD_AntennaOn
 .text.PCD_Init
                0x10000b78       0xd4 CMakeFiles/myblink_w.dir/mfrc522.c.obj
                0x10000b78                PCD_Init
 .text.PCD_CommunicateWithPICC
                0x10000c4c      0x1a2 CMakeFiles/myblink_w.dir/mfrc522.c.obj
                0x10000c4c                PCD_CommunicateWithPICC
 .text.PCD_TransceiveData
                0x10000dee       0x2a CMakeFiles/myblink_w.dir/mfrc522.c.obj
                0x10000dee                PCD_TransceiveData
 .text.PICC_REQA_or_WUPA
                0x10000e18       0x68 CMakeFiles/myblink_w.dir/mfrc522.c.obj
                0x10000e18                PICC_REQA_or_WUPA
 .text.PICC_RequestA
                0x10000e80        0xe CMakeFiles/myblink_w.dir/mfrc522.c.obj
                0x10000e80                PICC_RequestA
 .text.PICC_Select
                0x10000e8e      0x33c CMakeFiles/myblink_w.dir/mfrc522.c.obj
                0x10000e8e                PICC_Select
 .text.PICC_HaltA
                0x100011ca       0x4a CMakeFiles/myblink_w.dir/mfrc522.c.obj
                0x100011ca                PICC_HaltA
 .text.PCD_Authenticate
                0x10001214       0x56 CMakeFiles/myblink_w.dir/mfrc522.c.obj
                0x10001214                PCD_Authenticate
 .text.PCD_StopCrypto1
                0x1000126a        0xc CMakeFiles/myblink_w.dir/mfrc522.c.obj
                0x1000126a                PCD_StopCrypto1
 .text.MIFARE_Read
                0x10001276       0x4c CMakeFiles/myblink_w.dir/mfrc522.c.obj
                0x10001276                MIFARE_Read
 *fill*         0x100012c2        0x2 
 .text.GetStatusCodeName
                0x100012c4       0x6c CMakeFiles/myblink_w.dir/mfrc522.c.obj
                0x100012c4                GetStatusCodeName
 .text.PICC_GetType
                0x10001330       0x3c CMakeFiles/myblink_w.dir/mfrc522.c.obj
                0x10001330                PICC_GetType
 .text.PICC_GetTypeName
                0x1000136c       0x74 CMakeFiles/myblink_w.dir/mfrc522.c.obj
                0x1000136c                PICC_GetTypeName
 .text.PICC_DumpDetailsToSerial
                0x100013e0       0xa4 CMakeFiles/myblink_w.dir/mfrc522.c.obj
                0x100013e0                PICC_DumpDetailsToSerial
 .text.PICC_DumpMifareClassicSectorToSerial
                0x10001484      0x3a0 CMakeFiles/myblink_w.dir/mfrc522.c.obj
                0x10001484                PICC_DumpMifareClassicSectorToSerial
 .text.PICC_DumpMifareClassicToSerial
                0x10001824       0x50 CMakeFiles/myblink_w.dir/mfrc522.c.obj
                0x10001824                PICC_DumpMifareClassicToSerial
 .text.PICC_DumpMifareUltralightToSerial
                0x10001874       0xe8 CMakeFiles/myblink_w.dir/mfrc522.c.obj
                0x10001874                PICC_DumpMifareUltralightToSerial
 .text.PICC_DumpToSerial
                0x1000195c       0x7c CMakeFiles/myblink_w.dir/mfrc522.c.obj
                0x1000195c                PICC_DumpToSerial
 .text.PICC_IsNewCardPresent
                0x100019d8       0x28 CMakeFiles/myblink_w.dir/mfrc522.c.obj
                0x100019d8                PICC_IsNewCardPresent
 .text.PICC_ReadCardSerial
                0x10001a00       0x12 CMakeFiles/myblink_w.dir/mfrc522.c.obj
                0x10001a00                PICC_ReadCardSerial
 *fill*         0x10001a12        0x2 
 .text.i2c_write_byte
                0x10001a14       0x20 CMakeFiles/myblink_w.dir/lcd_i2c_16x2.c.obj
                0x10001a14                i2c_write_byte
 .text.lcd_toggle_enable
                0x10001a34       0x38 CMakeFiles/myblink_w.dir/lcd_i2c_16x2.c.obj
                0x10001a34                lcd_toggle_enable
 .text.lcd_send_byte
                0x10001a6c       0x38 CMakeFiles/myblink_w.dir/lcd_i2c_16x2.c.obj
                0x10001a6c                lcd_send_byte
 .text.lcd_clear
                0x10001aa4        0xc CMakeFiles/myblink_w.dir/lcd_i2c_16x2.c.obj
                0x10001aa4                lcd_clear
 .text.lcd_set_cursor
                0x10001ab0       0x1a CMakeFiles/myblink_w.dir/lcd_i2c_16x2.c.obj
                0x10001ab0                lcd_set_cursor
 .text.lcd_init
                0x10001aca       0x40 CMakeFiles/myblink_w.dir/lcd_i2c_16x2.c.obj
                0x10001aca                lcd_init
 *fill*         0x10001b0a        0x2 
 .text.initVar  0x10001b0c       0x74 CMakeFiles/myblink_w.dir/lcd_i2c_16x2.c.obj
                0x10001b0c                initVar
 .text.verificarTiempoTranscurrido2
                0x10001b80       0x5c CMakeFiles/myblink_w.dir/Inventario.c.obj
                0x10001b80                verificarTiempoTranscurrido2
 .text.keyboard_init
                0x10001bdc       0x5c CMakeFiles/myblink_w.dir/Inventario.c.obj
                0x10001bdc                keyboard_init
 .text.convert_to_int
                0x10001c38       0x3c CMakeFiles/myblink_w.dir/Inventario.c.obj
                0x10001c38                convert_to_int
 .text.verificar_password
                0x10001c74      0x134 CMakeFiles/myblink_w.dir/Inventario.c.obj
                0x10001c74                verificar_password
 .text.get_transaccion
                0x10001da8      0x1ac CMakeFiles/myblink_w.dir/Inventario.c.obj
                0x10001da8                get_transaccion
 .text.gpio_set_function
                0x10001f54       0x30 CMakeFiles/myblink_w.dir/C_/Program_Files/Raspberry_Pi/Pico_SDK_v1.5.1/pico-sdk/src/rp2_common/hardware_gpio/gpio.c.obj
                0x10001f54                gpio_set_function
 .text.gpio_set_pulls
                0x10001f84       0x34 CMakeFiles/myblink_w.dir/C_/Program_Files/Raspberry_Pi/Pico_SDK_v1.5.1/pico-sdk/src/rp2_common/hardware_gpio/gpio.c.obj
                0x10001f84                gpio_set_pulls
 .text.gpio_init
                0x10001fb8       0x16 CMakeFiles/myblink_w.dir/C_/Program_Files/Raspberry_Pi/Pico_SDK_v1.5.1/pico-sdk/src/rp2_common/hardware_gpio/gpio.c.obj
                0x10001fb8                gpio_init
 *fill*         0x10001fce        0x2 
 .text.running_on_fpga
                0x10001fd0       0x14 CMakeFiles/myblink_w.dir/C_/Program_Files/Raspberry_Pi/Pico_SDK_v1.5.1/pico-sdk/src/rp2_common/pico_platform/platform.c.obj
                0x10001fd0                running_on_fpga
 .text.hw_claim_lock
                0x10001fe4       0x18 CMakeFiles/myblink_w.dir/C_/Program_Files/Raspberry_Pi/Pico_SDK_v1.5.1/pico-sdk/src/rp2_common/hardware_claim/claim.c.obj
                0x10001fe4                hw_claim_lock
 .text.hw_claim_unlock
                0x10001ffc       0x14 CMakeFiles/myblink_w.dir/C_/Program_Files/Raspberry_Pi/Pico_SDK_v1.5.1/pico-sdk/src/rp2_common/hardware_claim/claim.c.obj
                0x10001ffc                hw_claim_unlock
 .text.hw_claim_or_assert
                0x10002010       0x32 CMakeFiles/myblink_w.dir/C_/Program_Files/Raspberry_Pi/Pico_SDK_v1.5.1/pico-sdk/src/rp2_common/hardware_claim/claim.c.obj
                0x10002010                hw_claim_or_assert
 .text.hw_claim_unused_from_range
                0x10002042       0x50 CMakeFiles/myblink_w.dir/C_/Program_Files/Raspberry_Pi/Pico_SDK_v1.5.1/pico-sdk/src/rp2_common/hardware_claim/claim.c.obj
                0x10002042                hw_claim_unused_from_range
 *fill*         0x10002092        0x2 
 .text.spin_locks_reset
                0x10002094       0x20 CMakeFiles/myblink_w.dir/C_/Program_Files/Raspberry_Pi/Pico_SDK_v1.5.1/pico-sdk/src/rp2_common/hardware_sync/sync.c.obj
                0x10002094                spin_locks_reset
 .text.next_striped_spin_lock_num
                0x100020b4       0x1c CMakeFiles/myblink_w.dir/C_/Program_Files/Raspberry_Pi/Pico_SDK_v1.5.1/pico-sdk/src/rp2_common/hardware_sync/sync.c.obj
                0x100020b4                next_striped_spin_lock_num
 .text.spin_lock_claim_unused
                0x100020d0       0x20 CMakeFiles/myblink_w.dir/C_/Program_Files/Raspberry_Pi/Pico_SDK_v1.5.1/pico-sdk/src/rp2_common/hardware_sync/sync.c.obj
                0x100020d0                spin_lock_claim_unused
 .text.set_raw_irq_handler_and_unlock
                0x100020f0       0x28 CMakeFiles/myblink_w.dir/C_/Program_Files/Raspberry_Pi/Pico_SDK_v1.5.1/pico-sdk/src/rp2_common/hardware_irq/irq.c.obj
 .text.make_branch
                0x10002118       0x48 CMakeFiles/myblink_w.dir/C_/Program_Files/Raspberry_Pi/Pico_SDK_v1.5.1/pico-sdk/src/rp2_common/hardware_irq/irq.c.obj
 .text.insert_branch_and_link
                0x10002160       0x40 CMakeFiles/myblink_w.dir/C_/Program_Files/Raspberry_Pi/Pico_SDK_v1.5.1/pico-sdk/src/rp2_common/hardware_irq/irq.c.obj
 .text.irq_is_enabled
                0x100021a0       0x18 CMakeFiles/myblink_w.dir/C_/Program_Files/Raspberry_Pi/Pico_SDK_v1.5.1/pico-sdk/src/rp2_common/hardware_irq/irq.c.obj
                0x100021a0                irq_is_enabled
 .text.irq_set_mask_enabled
                0x100021b8       0x20 CMakeFiles/myblink_w.dir/C_/Program_Files/Raspberry_Pi/Pico_SDK_v1.5.1/pico-sdk/src/rp2_common/hardware_irq/irq.c.obj
                0x100021b8                irq_set_mask_enabled
 .text.irq_set_enabled
                0x100021d8        0xe CMakeFiles/myblink_w.dir/C_/Program_Files/Raspberry_Pi/Pico_SDK_v1.5.1/pico-sdk/src/rp2_common/hardware_irq/irq.c.obj
                0x100021d8                irq_set_enabled
 *fill*         0x100021e6        0x2 
 .text.irq_set_pending
                0x100021e8       0x10 CMakeFiles/myblink_w.dir/C_/Program_Files/Raspberry_Pi/Pico_SDK_v1.5.1/pico-sdk/src/rp2_common/hardware_irq/irq.c.obj
                0x100021e8                irq_set_pending
 .text.irq_get_vtable_handler
                0x100021f8       0x10 CMakeFiles/myblink_w.dir/C_/Program_Files/Raspberry_Pi/Pico_SDK_v1.5.1/pico-sdk/src/rp2_common/hardware_irq/irq.c.obj
                0x100021f8                irq_get_vtable_handler
 .text.irq_has_shared_handler
                0x10002208       0x24 CMakeFiles/myblink_w.dir/C_/Program_Files/Raspberry_Pi/Pico_SDK_v1.5.1/pico-sdk/src/rp2_common/hardware_irq/irq.c.obj
                0x10002208                irq_has_shared_handler
 .text.irq_set_exclusive_handler
                0x1000222c       0x54 CMakeFiles/myblink_w.dir/C_/Program_Files/Raspberry_Pi/Pico_SDK_v1.5.1/pico-sdk/src/rp2_common/hardware_irq/irq.c.obj
                0x1000222c                irq_set_exclusive_handler
 .text.irq_add_shared_handler
                0x10002280      0x234 CMakeFiles/myblink_w.dir/C_/Program_Files/Raspberry_Pi/Pico_SDK_v1.5.1/pico-sdk/src/rp2_common/hardware_irq/irq.c.obj
                0x10002280                irq_add_shared_handler
 .text.irq_remove_handler
                0x100024b4      0x1ac CMakeFiles/myblink_w.dir/C_/Program_Files/Raspberry_Pi/Pico_SDK_v1.5.1/pico-sdk/src/rp2_common/hardware_irq/irq.c.obj
                0x100024b4                irq_remove_handler
 .text.irq_add_tail_to_free_list
                0x10002660       0xf0 CMakeFiles/myblink_w.dir/C_/Program_Files/Raspberry_Pi/Pico_SDK_v1.5.1/pico-sdk/src/rp2_common/hardware_irq/irq.c.obj
                0x10002660                irq_add_tail_to_free_list
 .text.irq_init_priorities
                0x10002750       0x1c CMakeFiles/myblink_w.dir/C_/Program_Files/Raspberry_Pi/Pico_SDK_v1.5.1/pico-sdk/src/rp2_common/hardware_irq/irq.c.obj
                0x10002750                irq_init_priorities
 .text.user_irq_claim_unused
                0x1000276c       0x28 CMakeFiles/myblink_w.dir/C_/Program_Files/Raspberry_Pi/Pico_SDK_v1.5.1/pico-sdk/src/rp2_common/hardware_irq/irq.c.obj
                0x1000276c                user_irq_claim_unused
 .text.lock_init
                0x10002794       0x10 CMakeFiles/myblink_w.dir/C_/Program_Files/Raspberry_Pi/Pico_SDK_v1.5.1/pico-sdk/src/common/pico_sync/lock_core.c.obj
                0x10002794                lock_init
 .text.mutex_init
                0x100027a4       0x1a CMakeFiles/myblink_w.dir/C_/Program_Files/Raspberry_Pi/Pico_SDK_v1.5.1/pico-sdk/src/common/pico_sync/mutex.c.obj
                0x100027a4                mutex_init
 .text.recursive_mutex_init
                0x100027be       0x1e CMakeFiles/myblink_w.dir/C_/Program_Files/Raspberry_Pi/Pico_SDK_v1.5.1/pico-sdk/src/common/pico_sync/mutex.c.obj
                0x100027be                recursive_mutex_init
 .text.critical_section_init_with_lock_num
                0x100027dc       0x14 CMakeFiles/myblink_w.dir/C_/Program_Files/Raspberry_Pi/Pico_SDK_v1.5.1/pico-sdk/src/common/pico_sync/critical_section.c.obj
                0x100027dc                critical_section_init_with_lock_num
 .text.critical_section_init
                0x100027f0       0x14 CMakeFiles/myblink_w.dir/C_/Program_Files/Raspberry_Pi/Pico_SDK_v1.5.1/pico-sdk/src/common/pico_sync/critical_section.c.obj
                0x100027f0                critical_section_init
 .text.repeating_timer_callback
                0x10002804       0x40 CMakeFiles/myblink_w.dir/C_/Program_Files/Raspberry_Pi/Pico_SDK_v1.5.1/pico-sdk/src/common/pico_time/time.c.obj
 .text.alarm_pool_post_alloc_init
                0x10002844       0x40 CMakeFiles/myblink_w.dir/C_/Program_Files/Raspberry_Pi/Pico_SDK_v1.5.1/pico-sdk/src/common/pico_time/time.c.obj
 .text.sleep_until_callback
                0x10002884       0x30 CMakeFiles/myblink_w.dir/C_/Program_Files/Raspberry_Pi/Pico_SDK_v1.5.1/pico-sdk/src/common/pico_time/time.c.obj
 .text.timer_pool_entry_comparator
                0x100028b4       0x7c CMakeFiles/myblink_w.dir/C_/Program_Files/Raspberry_Pi/Pico_SDK_v1.5.1/pico-sdk/src/common/pico_time/time.c.obj
                0x100028b4                timer_pool_entry_comparator
 .text.ph_add_child_node
                0x10002930       0xa4 CMakeFiles/myblink_w.dir/C_/Program_Files/Raspberry_Pi/Pico_SDK_v1.5.1/pico-sdk/src/common/pico_time/time.c.obj
 .text.ph_merge_nodes
                0x100029d4       0x3e CMakeFiles/myblink_w.dir/C_/Program_Files/Raspberry_Pi/Pico_SDK_v1.5.1/pico-sdk/src/common/pico_time/time.c.obj
 *fill*         0x10002a12        0x2 
 .text.add_alarm_under_lock
                0x10002a14      0x174 CMakeFiles/myblink_w.dir/C_/Program_Files/Raspberry_Pi/Pico_SDK_v1.5.1/pico-sdk/src/common/pico_time/time.c.obj
 .text.alarm_pool_alarm_callback
                0x10002b88      0x33c CMakeFiles/myblink_w.dir/C_/Program_Files/Raspberry_Pi/Pico_SDK_v1.5.1/pico-sdk/src/common/pico_time/time.c.obj
 .text.alarm_pool_init_default
                0x10002ec4       0x40 CMakeFiles/myblink_w.dir/C_/Program_Files/Raspberry_Pi/Pico_SDK_v1.5.1/pico-sdk/src/common/pico_time/time.c.obj
                0x10002ec4                alarm_pool_init_default
 .text.alarm_pool_get_default
                0x10002f04       0x2c CMakeFiles/myblink_w.dir/C_/Program_Files/Raspberry_Pi/Pico_SDK_v1.5.1/pico-sdk/src/common/pico_time/time.c.obj
                0x10002f04                alarm_pool_get_default
 .text.alarm_pool_add_alarm_at
                0x10002f30      0x168 CMakeFiles/myblink_w.dir/C_/Program_Files/Raspberry_Pi/Pico_SDK_v1.5.1/pico-sdk/src/common/pico_time/time.c.obj
                0x10002f30                alarm_pool_add_alarm_at
 .text.alarm_pool_cancel_alarm
                0x10003098       0xf8 CMakeFiles/myblink_w.dir/C_/Program_Files/Raspberry_Pi/Pico_SDK_v1.5.1/pico-sdk/src/common/pico_time/time.c.obj
                0x10003098                alarm_pool_cancel_alarm
 .text.alarm_pool_core_num
                0x10003190        0x4 CMakeFiles/myblink_w.dir/C_/Program_Files/Raspberry_Pi/Pico_SDK_v1.5.1/pico-sdk/src/common/pico_time/time.c.obj
                0x10003190                alarm_pool_core_num
 .text.alarm_pool_add_repeating_timer_us
                0x10003194       0x98 CMakeFiles/myblink_w.dir/C_/Program_Files/Raspberry_Pi/Pico_SDK_v1.5.1/pico-sdk/src/common/pico_time/time.c.obj
                0x10003194                alarm_pool_add_repeating_timer_us
 .text.sleep_until
                0x1000322c       0xfc CMakeFiles/myblink_w.dir/C_/Program_Files/Raspberry_Pi/Pico_SDK_v1.5.1/pico-sdk/src/common/pico_time/time.c.obj
                0x1000322c                sleep_until
 .text.sleep_us
                0x10003328       0x58 CMakeFiles/myblink_w.dir/C_/Program_Files/Raspberry_Pi/Pico_SDK_v1.5.1/pico-sdk/src/common/pico_time/time.c.obj
                0x10003328                sleep_us
 .text.sleep_ms
                0x10003380       0x14 CMakeFiles/myblink_w.dir/C_/Program_Files/Raspberry_Pi/Pico_SDK_v1.5.1/pico-sdk/src/common/pico_time/time.c.obj
                0x10003380                sleep_ms
 .text.best_effort_wfe_or_timeout
                0x10003394       0xac CMakeFiles/myblink_w.dir/C_/Program_Files/Raspberry_Pi/Pico_SDK_v1.5.1/pico-sdk/src/common/pico_time/time.c.obj
                0x10003394                best_effort_wfe_or_timeout
 .text.hardware_alarm_irq_handler
                0x10003440       0x90 CMakeFiles/myblink_w.dir/C_/Program_Files/Raspberry_Pi/Pico_SDK_v1.5.1/pico-sdk/src/rp2_common/hardware_timer/timer.c.obj
 .text.hardware_alarm_claim
                0x100034d0       0x18 CMakeFiles/myblink_w.dir/C_/Program_Files/Raspberry_Pi/Pico_SDK_v1.5.1/pico-sdk/src/rp2_common/hardware_timer/timer.c.obj
                0x100034d0                hardware_alarm_claim
 .text.time_us_64
                0x100034e8       0x18 CMakeFiles/myblink_w.dir/C_/Program_Files/Raspberry_Pi/Pico_SDK_v1.5.1/pico-sdk/src/rp2_common/hardware_timer/timer.c.obj
                0x100034e8                time_us_64
 .text.busy_wait_until
                0x10003500       0x28 CMakeFiles/myblink_w.dir/C_/Program_Files/Raspberry_Pi/Pico_SDK_v1.5.1/pico-sdk/src/rp2_common/hardware_timer/timer.c.obj
                0x10003500                busy_wait_until
 .text.hardware_alarm_set_callback
                0x10003528       0x90 CMakeFiles/myblink_w.dir/C_/Program_Files/Raspberry_Pi/Pico_SDK_v1.5.1/pico-sdk/src/rp2_common/hardware_timer/timer.c.obj
                0x10003528                hardware_alarm_set_callback
 .text.hardware_alarm_set_target
                0x100035b8       0xe8 CMakeFiles/myblink_w.dir/C_/Program_Files/Raspberry_Pi/Pico_SDK_v1.5.1/pico-sdk/src/rp2_common/hardware_timer/timer.c.obj
                0x100035b8                hardware_alarm_set_target
 .text.hardware_alarm_cancel
                0x100036a0       0x40 CMakeFiles/myblink_w.dir/C_/Program_Files/Raspberry_Pi/Pico_SDK_v1.5.1/pico-sdk/src/rp2_common/hardware_timer/timer.c.obj
                0x100036a0                hardware_alarm_cancel
 .text.ph_add_child_node
                0x100036e0       0xa4 CMakeFiles/myblink_w.dir/C_/Program_Files/Raspberry_Pi/Pico_SDK_v1.5.1/pico-sdk/src/common/pico_util/pheap.c.obj
 .text.ph_merge_nodes
                0x10003784       0x3e CMakeFiles/myblink_w.dir/C_/Program_Files/Raspberry_Pi/Pico_SDK_v1.5.1/pico-sdk/src/common/pico_util/pheap.c.obj
 *fill*         0x100037c2        0x2 
 .text.ph_clear
                0x100037c4       0x70 CMakeFiles/myblink_w.dir/C_/Program_Files/Raspberry_Pi/Pico_SDK_v1.5.1/pico-sdk/src/common/pico_util/pheap.c.obj
                0x100037c4                ph_clear
 .text.ph_post_alloc_init
                0x10003834        0xe CMakeFiles/myblink_w.dir/C_/Program_Files/Raspberry_Pi/Pico_SDK_v1.5.1/pico-sdk/src/common/pico_util/pheap.c.obj
                0x10003834                ph_post_alloc_init
 *fill*         0x10003842        0x2 
 .text.ph_merge_two_pass
                0x10003844       0xa8 CMakeFiles/myblink_w.dir/C_/Program_Files/Raspberry_Pi/Pico_SDK_v1.5.1/pico-sdk/src/common/pico_util/pheap.c.obj
                0x10003844                ph_merge_two_pass
 .text.ph_remove_any_head
                0x100038ec      0x128 CMakeFiles/myblink_w.dir/C_/Program_Files/Raspberry_Pi/Pico_SDK_v1.5.1/pico-sdk/src/common/pico_util/pheap.c.obj
 .text.ph_remove_head
                0x10003a14       0x14 CMakeFiles/myblink_w.dir/C_/Program_Files/Raspberry_Pi/Pico_SDK_v1.5.1/pico-sdk/src/common/pico_util/pheap.c.obj
                0x10003a14                ph_remove_head
 .text.ph_remove_and_free_node
                0x10003a28       0xf8 CMakeFiles/myblink_w.dir/C_/Program_Files/Raspberry_Pi/Pico_SDK_v1.5.1/pico-sdk/src/common/pico_util/pheap.c.obj
                0x10003a28                ph_remove_and_free_node
 .text.clock_configure
                0x10003b20      0x108 CMakeFiles/myblink_w.dir/C_/Program_Files/Raspberry_Pi/Pico_SDK_v1.5.1/pico-sdk/src/rp2_common/hardware_clocks/clocks.c.obj
                0x10003b20                clock_configure
 .text.clocks_init
                0x10003c28      0x100 CMakeFiles/myblink_w.dir/C_/Program_Files/Raspberry_Pi/Pico_SDK_v1.5.1/pico-sdk/src/rp2_common/hardware_clocks/clocks.c.obj
                0x10003c28                clocks_init
 .text.clock_get_hz
                0x10003d28        0xc CMakeFiles/myblink_w.dir/C_/Program_Files/Raspberry_Pi/Pico_SDK_v1.5.1/pico-sdk/src/rp2_common/hardware_clocks/clocks.c.obj
                0x10003d28                clock_get_hz
 .text.pll_init
                0x10003d34      0x120 CMakeFiles/myblink_w.dir/C_/Program_Files/Raspberry_Pi/Pico_SDK_v1.5.1/pico-sdk/src/rp2_common/hardware_pll/pll.c.obj
                0x10003d34                pll_init
 .text.watchdog_start_tick
                0x10003e54       0x10 CMakeFiles/myblink_w.dir/C_/Program_Files/Raspberry_Pi/Pico_SDK_v1.5.1/pico-sdk/src/rp2_common/hardware_watchdog/watchdog.c.obj
                0x10003e54                watchdog_start_tick
 .text.watchdog_update
                0x10003e64       0x14 CMakeFiles/myblink_w.dir/C_/Program_Files/Raspberry_Pi/Pico_SDK_v1.5.1/pico-sdk/src/rp2_common/hardware_watchdog/watchdog.c.obj
                0x10003e64                watchdog_update
 .text._watchdog_enable
                0x10003e78       0x78 CMakeFiles/myblink_w.dir/C_/Program_Files/Raspberry_Pi/Pico_SDK_v1.5.1/pico-sdk/src/rp2_common/hardware_watchdog/watchdog.c.obj
                0x10003e78                _watchdog_enable
 .text.watchdog_reboot
                0x10003ef0       0x48 CMakeFiles/myblink_w.dir/C_/Program_Files/Raspberry_Pi/Pico_SDK_v1.5.1/pico-sdk/src/rp2_common/hardware_watchdog/watchdog.c.obj
                0x10003ef0                watchdog_reboot
 .text.xosc_init
                0x10003f38       0x28 CMakeFiles/myblink_w.dir/C_/Program_Files/Raspberry_Pi/Pico_SDK_v1.5.1/pico-sdk/src/rp2_common/hardware_xosc/xosc.c.obj
                0x10003f38                xosc_init
 .text._exit    0x10003f60        0x4 CMakeFiles/myblink_w.dir/C_/Program_Files/Raspberry_Pi/Pico_SDK_v1.5.1/pico-sdk/src/rp2_common/pico_runtime/runtime.c.obj
                0x10003f60                _exit
 .text.exit     0x10003f64        0x6 CMakeFiles/myblink_w.dir/C_/Program_Files/Raspberry_Pi/Pico_SDK_v1.5.1/pico-sdk/src/rp2_common/pico_runtime/runtime.c.obj
                0x10003f64                exit
 *fill*         0x10003f6a        0x2 
 .text.__assert_func
                0x10003f6c       0x3c CMakeFiles/myblink_w.dir/C_/Program_Files/Raspberry_Pi/Pico_SDK_v1.5.1/pico-sdk/src/rp2_common/pico_runtime/runtime.c.obj
                0x10003f6c                __assert_func
 .text.runtime_init
                0x10003fa8       0xf8 CMakeFiles/myblink_w.dir/C_/Program_Files/Raspberry_Pi/Pico_SDK_v1.5.1/pico-sdk/src/rp2_common/pico_runtime/runtime.c.obj
                0x10003fa8                runtime_init
 .text._gettimeofday
                0x100040a0       0x5c CMakeFiles/myblink_w.dir/C_/Program_Files/Raspberry_Pi/Pico_SDK_v1.5.1/pico-sdk/src/rp2_common/pico_runtime/runtime.c.obj
                0x100040a0                _gettimeofday
 .text.panic    0x100040fc       0x30 CMakeFiles/myblink_w.dir/C_/Program_Files/Raspberry_Pi/Pico_SDK_v1.5.1/pico-sdk/src/rp2_common/pico_runtime/runtime.c.obj
                0x100040fc                panic
 .text._out_buffer
                0x1000412c        0x8 CMakeFiles/myblink_w.dir/C_/Program_Files/Raspberry_Pi/Pico_SDK_v1.5.1/pico-sdk/src/rp2_common/pico_printf/printf.c.obj
 .text._out_null
                0x10004134        0x2 CMakeFiles/myblink_w.dir/C_/Program_Files/Raspberry_Pi/Pico_SDK_v1.5.1/pico-sdk/src/rp2_common/pico_printf/printf.c.obj
 .text._out_fct
                0x10004136        0xe CMakeFiles/myblink_w.dir/C_/Program_Files/Raspberry_Pi/Pico_SDK_v1.5.1/pico-sdk/src/rp2_common/pico_printf/printf.c.obj
 .text._atoi    0x10004144       0x24 CMakeFiles/myblink_w.dir/C_/Program_Files/Raspberry_Pi/Pico_SDK_v1.5.1/pico-sdk/src/rp2_common/pico_printf/printf.c.obj
 .text._out_rev
                0x10004168       0xae CMakeFiles/myblink_w.dir/C_/Program_Files/Raspberry_Pi/Pico_SDK_v1.5.1/pico-sdk/src/rp2_common/pico_printf/printf.c.obj
 .text._ntoa_format
                0x10004216      0x112 CMakeFiles/myblink_w.dir/C_/Program_Files/Raspberry_Pi/Pico_SDK_v1.5.1/pico-sdk/src/rp2_common/pico_printf/printf.c.obj
 .text._ntoa_long
                0x10004328       0xbc CMakeFiles/myblink_w.dir/C_/Program_Files/Raspberry_Pi/Pico_SDK_v1.5.1/pico-sdk/src/rp2_common/pico_printf/printf.c.obj
 .text._ntoa_long_long
                0x100043e4       0xe2 CMakeFiles/myblink_w.dir/C_/Program_Files/Raspberry_Pi/Pico_SDK_v1.5.1/pico-sdk/src/rp2_common/pico_printf/printf.c.obj
 *fill*         0x100044c6        0x2 
 .text._etoa    0x100044c8      0x414 CMakeFiles/myblink_w.dir/C_/Program_Files/Raspberry_Pi/Pico_SDK_v1.5.1/pico-sdk/src/rp2_common/pico_printf/printf.c.obj
 .text._ftoa    0x100048dc      0x354 CMakeFiles/myblink_w.dir/C_/Program_Files/Raspberry_Pi/Pico_SDK_v1.5.1/pico-sdk/src/rp2_common/pico_printf/printf.c.obj
 .text._vsnprintf
                0x10004c30      0x624 CMakeFiles/myblink_w.dir/C_/Program_Files/Raspberry_Pi/Pico_SDK_v1.5.1/pico-sdk/src/rp2_common/pico_printf/printf.c.obj
 .text.__wrap_sprintf
                0x10005254       0x28 CMakeFiles/myblink_w.dir/C_/Program_Files/Raspberry_Pi/Pico_SDK_v1.5.1/pico-sdk/src/rp2_common/pico_printf/printf.c.obj
                0x10005254                __wrap_sprintf
 .text.vfctprintf
                0x1000527c       0x20 CMakeFiles/myblink_w.dir/C_/Program_Files/Raspberry_Pi/Pico_SDK_v1.5.1/pico-sdk/src/rp2_common/pico_printf/printf.c.obj
                0x1000527c                vfctprintf
 .text          0x1000529c       0x10 CMakeFiles/myblink_w.dir/C_/Program_Files/Raspberry_Pi/Pico_SDK_v1.5.1/pico-sdk/src/rp2_common/pico_bit_ops/bit_ops_aeabi.S.obj
 .text.rom_func_lookup
                0x100052ac       0x10 CMakeFiles/myblink_w.dir/C_/Program_Files/Raspberry_Pi/Pico_SDK_v1.5.1/pico-sdk/src/rp2_common/pico_bootrom/bootrom.c.obj
                0x100052ac                rom_func_lookup
 .text.rom_data_lookup
                0x100052bc       0x10 CMakeFiles/myblink_w.dir/C_/Program_Files/Raspberry_Pi/Pico_SDK_v1.5.1/pico-sdk/src/rp2_common/pico_bootrom/bootrom.c.obj
                0x100052bc                rom_data_lookup
 .text.rom_funcs_lookup
                0x100052cc       0x36 CMakeFiles/myblink_w.dir/C_/Program_Files/Raspberry_Pi/Pico_SDK_v1.5.1/pico-sdk/src/rp2_common/pico_bootrom/bootrom.c.obj
                0x100052cc                rom_funcs_lookup
 *fill*         0x10005302        0x2 
 .text.__wrap___aeabi_idiv
                0x10005304       0x50 CMakeFiles/myblink_w.dir/C_/Program_Files/Raspberry_Pi/Pico_SDK_v1.5.1/pico-sdk/src/rp2_common/pico_divider/divider.S.obj
                0x10005304                __wrap___aeabi_idivmod
                0x10005304                divmod_s32s32
                0x10005304                div_s32s32
                0x10005304                __wrap___aeabi_idiv
                0x1000530c                divmod_s32s32_unsafe
                0x10005338                divmod_s32s32_savestate
 .text.__wrap___aeabi_uidiv
                0x10005354       0x4c CMakeFiles/myblink_w.dir/C_/Program_Files/Raspberry_Pi/Pico_SDK_v1.5.1/pico-sdk/src/rp2_common/pico_divider/divider.S.obj
                0x10005354                __wrap___aeabi_uidiv
                0x10005354                __wrap___aeabi_uidivmod
                0x10005354                div_u32u32
                0x10005354                divmod_u32u32
                0x1000535c                divmod_u32u32_unsafe
                0x10005384                divmod_u32u32_savestate
 .text.__wrap___aeabi_ldiv
                0x100053a0      0x424 CMakeFiles/myblink_w.dir/C_/Program_Files/Raspberry_Pi/Pico_SDK_v1.5.1/pico-sdk/src/rp2_common/pico_divider/divider.S.obj
                0x100053a0                div_s64s64
                0x100053a0                divmod_s64s64
                0x100053a0                __wrap___aeabi_ldivmod
                0x100053d0                divmod_u64u64
                0x100053d0                div_u64u64
                0x100053d0                __wrap___aeabi_uldivmod
                0x100053e0                divmod_u64u64_savestate
                0x10005400                divmod_s64s64_unsafe
                0x10005488                divmod_u64u64_unsafe
 .text.__wrap___aeabi_darithmetic
                0x100057c4       0x60 CMakeFiles/myblink_w.dir/C_/Program_Files/Raspberry_Pi/Pico_SDK_v1.5.1/pico-sdk/src/rp2_common/pico_double/double_aeabi.S.obj
                0x100057c4                __wrap___aeabi_drsub
                0x100057ca                __wrap___aeabi_dsub
                0x100057d4                __wrap___aeabi_dadd
                0x100057de                __wrap___aeabi_ddiv
                0x10005812                __wrap___aeabi_dmul
 .text.__wrap___aeabi_cdcmple
                0x10005824       0x6c CMakeFiles/myblink_w.dir/C_/Program_Files/Raspberry_Pi/Pico_SDK_v1.5.1/pico-sdk/src/rp2_common/pico_double/double_aeabi.S.obj
                0x10005824                __wrap___aeabi_cdrcmple
                0x10005834                __wrap___aeabi_cdcmpeq
                0x10005834                __wrap___aeabi_cdcmple
 .text.__wrap___aeabi_dcmplt
                0x10005890        0xc CMakeFiles/myblink_w.dir/C_/Program_Files/Raspberry_Pi/Pico_SDK_v1.5.1/pico-sdk/src/rp2_common/pico_double/double_aeabi.S.obj
                0x10005890                __wrap___aeabi_dcmplt
 .text.__wrap___aeabi_dcmple
                0x1000589c       0x10 CMakeFiles/myblink_w.dir/C_/Program_Files/Raspberry_Pi/Pico_SDK_v1.5.1/pico-sdk/src/rp2_common/pico_double/double_aeabi.S.obj
                0x1000589c                __wrap___aeabi_dcmple
 .text.__wrap___aeabi_dcmpge
                0x100058ac       0x10 CMakeFiles/myblink_w.dir/C_/Program_Files/Raspberry_Pi/Pico_SDK_v1.5.1/pico-sdk/src/rp2_common/pico_double/double_aeabi.S.obj
                0x100058ac                __wrap___aeabi_dcmpge
 .text.__wrap___aeabi_dcmpgt
                0x100058bc        0xa CMakeFiles/myblink_w.dir/C_/Program_Files/Raspberry_Pi/Pico_SDK_v1.5.1/pico-sdk/src/rp2_common/pico_double/double_aeabi.S.obj
                0x100058bc                __wrap___aeabi_dcmpgt
 .text.__wrap___aeabi_dcmpun
                0x100058c6       0x1c CMakeFiles/myblink_w.dir/C_/Program_Files/Raspberry_Pi/Pico_SDK_v1.5.1/pico-sdk/src/rp2_common/pico_double/double_aeabi.S.obj
                0x100058c6                __wrap___aeabi_dcmpun
 *fill*         0x100058e2        0x2 
 .text.__wrap___aeabi_i2d
                0x100058e4       0x38 CMakeFiles/myblink_w.dir/C_/Program_Files/Raspberry_Pi/Pico_SDK_v1.5.1/pico-sdk/src/rp2_common/pico_double/double_aeabi.S.obj
                0x100058e4                __wrap___aeabi_ui2d
                0x100058ec                __wrap___aeabi_i2d
 .text.__wrap___aeabi_d2iz
                0x1000591c       0x48 CMakeFiles/myblink_w.dir/C_/Program_Files/Raspberry_Pi/Pico_SDK_v1.5.1/pico-sdk/src/rp2_common/pico_double/double_aeabi.S.obj
                0x1000591c                double2int_z
                0x1000591c                __wrap___aeabi_d2iz
 .text.__wrap___aeabi_d2uiz
                0x10005964       0x10 CMakeFiles/myblink_w.dir/C_/Program_Files/Raspberry_Pi/Pico_SDK_v1.5.1/pico-sdk/src/rp2_common/pico_double/double_aeabi.S.obj
                0x10005964                __wrap___aeabi_d2uiz
                0x10005964                double2uint
 .text.missing_double_func_shim
                0x10005974        0xc CMakeFiles/myblink_w.dir/C_/Program_Files/Raspberry_Pi/Pico_SDK_v1.5.1/pico-sdk/src/rp2_common/pico_double/double_init_rom.c.obj
 .text.__aeabi_double_init
                0x10005980       0xcc CMakeFiles/myblink_w.dir/C_/Program_Files/Raspberry_Pi/Pico_SDK_v1.5.1/pico-sdk/src/rp2_common/pico_double/double_init_rom.c.obj
                0x10005980                __aeabi_double_init
 .text.double_table_shim_on_use_helper
                0x10005a4c       0x34 CMakeFiles/myblink_w.dir/C_/Program_Files/Raspberry_Pi/Pico_SDK_v1.5.1/pico-sdk/src/rp2_common/pico_double/double_v1_rom_shim.S.obj
                0x10005a4c                double_table_shim_on_use_helper
 .text.__aeabi_lmul
                0x10005a80       0x32 CMakeFiles/myblink_w.dir/C_/Program_Files/Raspberry_Pi/Pico_SDK_v1.5.1/pico-sdk/src/rp2_common/pico_int64_ops/pico_int64_ops_aeabi.S.obj
                0x10005a80                __wrap___aeabi_lmul
 *fill*         0x10005ab2        0x2 
 .text.missing_float_func_shim
                0x10005ab4        0xc CMakeFiles/myblink_w.dir/C_/Program_Files/Raspberry_Pi/Pico_SDK_v1.5.1/pico-sdk/src/rp2_common/pico_float/float_init_rom.c.obj
 .text.__aeabi_float_init
                0x10005ac0       0x88 CMakeFiles/myblink_w.dir/C_/Program_Files/Raspberry_Pi/Pico_SDK_v1.5.1/pico-sdk/src/rp2_common/pico_float/float_init_rom.c.obj
                0x10005ac0                __aeabi_float_init
 .text          0x10005b48       0x10 CMakeFiles/myblink_w.dir/C_/Program_Files/Raspberry_Pi/Pico_SDK_v1.5.1/pico-sdk/src/rp2_common/pico_mem_ops/mem_ops_aeabi.S.obj
                0x10005b48                __aeabi_mem_init
 .text.memset   0x10005b58        0xc CMakeFiles/myblink_w.dir/C_/Program_Files/Raspberry_Pi/Pico_SDK_v1.5.1/pico-sdk/src/rp2_common/pico_mem_ops/mem_ops_aeabi.S.obj
                0x10005b58                __wrap_memset
 .text.memcpy   0x10005b64        0xc CMakeFiles/myblink_w.dir/C_/Program_Files/Raspberry_Pi/Pico_SDK_v1.5.1/pico-sdk/src/rp2_common/pico_mem_ops/mem_ops_aeabi.S.obj
                0x10005b64                __wrap_memcpy
                0x10005b64                __wrap___aeabi_memcpy
 .text.stdio_out_chars_no_crlf
                0x10005b70        0xe CMakeFiles/myblink_w.dir/C_/Program_Files/Raspberry_Pi/Pico_SDK_v1.5.1/pico-sdk/src/rp2_common/pico_stdio/stdio.c.obj
 *fill*         0x10005b7e        0x2 
 .text.stdio_out_chars_crlf
                0x10005b80       0x80 CMakeFiles/myblink_w.dir/C_/Program_Files/Raspberry_Pi/Pico_SDK_v1.5.1/pico-sdk/src/rp2_common/pico_stdio/stdio.c.obj
 .text.stdio_stack_buffer_flush
                0x10005c00       0x44 CMakeFiles/myblink_w.dir/C_/Program_Files/Raspberry_Pi/Pico_SDK_v1.5.1/pico-sdk/src/rp2_common/pico_stdio/stdio.c.obj
 .text.stdio_buffered_printer
                0x10005c44       0x20 CMakeFiles/myblink_w.dir/C_/Program_Files/Raspberry_Pi/Pico_SDK_v1.5.1/pico-sdk/src/rp2_common/pico_stdio/stdio.c.obj
 .text.stdout_serialize_begin
                0x10005c64       0x5c CMakeFiles/myblink_w.dir/C_/Program_Files/Raspberry_Pi/Pico_SDK_v1.5.1/pico-sdk/src/rp2_common/pico_stdio/stdio.c.obj
                0x10005c64                stdout_serialize_begin
 .text.stdout_serialize_end
                0x10005cc0       0x10 CMakeFiles/myblink_w.dir/C_/Program_Files/Raspberry_Pi/Pico_SDK_v1.5.1/pico-sdk/src/rp2_common/pico_stdio/stdio.c.obj
                0x10005cc0                stdout_serialize_end
 .text.stdio_put_string
                0x10005cd0       0x98 CMakeFiles/myblink_w.dir/C_/Program_Files/Raspberry_Pi/Pico_SDK_v1.5.1/pico-sdk/src/rp2_common/pico_stdio/stdio.c.obj
 .text.__wrap_putchar
                0x10005d68       0x1c CMakeFiles/myblink_w.dir/C_/Program_Files/Raspberry_Pi/Pico_SDK_v1.5.1/pico-sdk/src/rp2_common/pico_stdio/stdio.c.obj
                0x10005d68                __wrap_putchar
 .text.stdio_set_driver_enabled
                0x10005d84       0x2c CMakeFiles/myblink_w.dir/C_/Program_Files/Raspberry_Pi/Pico_SDK_v1.5.1/pico-sdk/src/rp2_common/pico_stdio/stdio.c.obj
                0x10005d84                stdio_set_driver_enabled
 .text.stdio_flush
                0x10005db0       0x20 CMakeFiles/myblink_w.dir/C_/Program_Files/Raspberry_Pi/Pico_SDK_v1.5.1/pico-sdk/src/rp2_common/pico_stdio/stdio.c.obj
                0x10005db0                stdio_flush
 .text.__wrap_puts
                0x10005dd0       0x1e CMakeFiles/myblink_w.dir/C_/Program_Files/Raspberry_Pi/Pico_SDK_v1.5.1/pico-sdk/src/rp2_common/pico_stdio/stdio.c.obj
                0x10005dd0                __wrap_puts
 *fill*         0x10005dee        0x2 
 .text.__wrap_vprintf
                0x10005df0       0x40 CMakeFiles/myblink_w.dir/C_/Program_Files/Raspberry_Pi/Pico_SDK_v1.5.1/pico-sdk/src/rp2_common/pico_stdio/stdio.c.obj
                0x10005df0                __wrap_vprintf
 .text.__wrap_printf
                0x10005e30       0x18 CMakeFiles/myblink_w.dir/C_/Program_Files/Raspberry_Pi/Pico_SDK_v1.5.1/pico-sdk/src/rp2_common/pico_stdio/stdio.c.obj
                0x10005e30                __wrap_printf
 .text.stdio_init_all
                0x10005e48        0x8 CMakeFiles/myblink_w.dir/C_/Program_Files/Raspberry_Pi/Pico_SDK_v1.5.1/pico-sdk/src/rp2_common/pico_stdio/stdio.c.obj
                0x10005e48                stdio_init_all
 .text.resetd_init
                0x10005e50        0x2 CMakeFiles/myblink_w.dir/C_/Program_Files/Raspberry_Pi/Pico_SDK_v1.5.1/pico-sdk/src/rp2_common/pico_stdio_usb/reset_interface.c.obj
 *fill*         0x10005e52        0x2 
 .text.resetd_reset
                0x10005e54        0xc CMakeFiles/myblink_w.dir/C_/Program_Files/Raspberry_Pi/Pico_SDK_v1.5.1/pico-sdk/src/rp2_common/pico_stdio_usb/reset_interface.c.obj
 .text.resetd_open
                0x10005e60       0x34 CMakeFiles/myblink_w.dir/C_/Program_Files/Raspberry_Pi/Pico_SDK_v1.5.1/pico-sdk/src/rp2_common/pico_stdio_usb/reset_interface.c.obj
 .text.resetd_xfer_cb
                0x10005e94        0x4 CMakeFiles/myblink_w.dir/C_/Program_Files/Raspberry_Pi/Pico_SDK_v1.5.1/pico-sdk/src/rp2_common/pico_stdio_usb/reset_interface.c.obj
 .text.reset_usb_boot
                0x10005e98       0x18 CMakeFiles/myblink_w.dir/C_/Program_Files/Raspberry_Pi/Pico_SDK_v1.5.1/pico-sdk/src/rp2_common/pico_stdio_usb/reset_interface.c.obj
 .text.resetd_control_xfer_cb
                0x10005eb0       0x5c CMakeFiles/myblink_w.dir/C_/Program_Files/Raspberry_Pi/Pico_SDK_v1.5.1/pico-sdk/src/rp2_common/pico_stdio_usb/reset_interface.c.obj
 .text.usbd_app_driver_get_cb
                0x10005f0c        0xc CMakeFiles/myblink_w.dir/C_/Program_Files/Raspberry_Pi/Pico_SDK_v1.5.1/pico-sdk/src/rp2_common/pico_stdio_usb/reset_interface.c.obj
                0x10005f0c                usbd_app_driver_get_cb
 .text.tud_cdc_line_coding_cb
                0x10005f18       0x28 CMakeFiles/myblink_w.dir/C_/Program_Files/Raspberry_Pi/Pico_SDK_v1.5.1/pico-sdk/src/rp2_common/pico_stdio_usb/reset_interface.c.obj
                0x10005f18                tud_cdc_line_coding_cb
 .text.stdio_usb_set_chars_available_callback
                0x10005f40       0x14 CMakeFiles/myblink_w.dir/C_/Program_Files/Raspberry_Pi/Pico_SDK_v1.5.1/pico-sdk/src/rp2_common/pico_stdio_usb/stdio_usb.c.obj
                0x10005f40                stdio_usb_set_chars_available_callback
 .text.usb_irq  0x10005f54       0x10 CMakeFiles/myblink_w.dir/C_/Program_Files/Raspberry_Pi/Pico_SDK_v1.5.1/pico-sdk/src/rp2_common/pico_stdio_usb/stdio_usb.c.obj
 .text.timer_task
                0x10005f64       0x5c CMakeFiles/myblink_w.dir/C_/Program_Files/Raspberry_Pi/Pico_SDK_v1.5.1/pico-sdk/src/rp2_common/pico_stdio_usb/stdio_usb.c.obj
 .text.low_priority_worker_irq
                0x10005fc0       0xdc CMakeFiles/myblink_w.dir/C_/Program_Files/Raspberry_Pi/Pico_SDK_v1.5.1/pico-sdk/src/rp2_common/pico_stdio_usb/stdio_usb.c.obj
 .text.tud_cdc_rx_cb
                0x1000609c       0x20 CMakeFiles/myblink_w.dir/C_/Program_Files/Raspberry_Pi/Pico_SDK_v1.5.1/pico-sdk/src/rp2_common/pico_stdio_usb/stdio_usb.c.obj
                0x1000609c                tud_cdc_rx_cb
 .text.stdio_usb_init
                0x100060bc      0x11c CMakeFiles/myblink_w.dir/C_/Program_Files/Raspberry_Pi/Pico_SDK_v1.5.1/pico-sdk/src/rp2_common/pico_stdio_usb/stdio_usb.c.obj
                0x100060bc                stdio_usb_init
 .text.stdio_usb_connected
                0x100061d8        0xa CMakeFiles/myblink_w.dir/C_/Program_Files/Raspberry_Pi/Pico_SDK_v1.5.1/pico-sdk/src/rp2_common/pico_stdio_usb/stdio_usb.c.obj
                0x100061d8                stdio_usb_connected
 *fill*         0x100061e2        0x2 
 .text.stdio_usb_in_chars
                0x100061e4       0xc4 CMakeFiles/myblink_w.dir/C_/Program_Files/Raspberry_Pi/Pico_SDK_v1.5.1/pico-sdk/src/rp2_common/pico_stdio_usb/stdio_usb.c.obj
                0x100061e4                stdio_usb_in_chars
 .text.stdio_usb_out_chars
                0x100062a8      0x114 CMakeFiles/myblink_w.dir/C_/Program_Files/Raspberry_Pi/Pico_SDK_v1.5.1/pico-sdk/src/rp2_common/pico_stdio_usb/stdio_usb.c.obj
 .text.tud_descriptor_device_cb
                0x100063bc        0x8 CMakeFiles/myblink_w.dir/C_/Program_Files/Raspberry_Pi/Pico_SDK_v1.5.1/pico-sdk/src/rp2_common/pico_stdio_usb/stdio_usb_descriptors.c.obj
                0x100063bc                tud_descriptor_device_cb
 .text.tud_descriptor_configuration_cb
                0x100063c4        0x8 CMakeFiles/myblink_w.dir/C_/Program_Files/Raspberry_Pi/Pico_SDK_v1.5.1/pico-sdk/src/rp2_common/pico_stdio_usb/stdio_usb_descriptors.c.obj
                0x100063c4                tud_descriptor_configuration_cb
 .text.tud_descriptor_string_cb
                0x100063cc       0x6c CMakeFiles/myblink_w.dir/C_/Program_Files/Raspberry_Pi/Pico_SDK_v1.5.1/pico-sdk/src/rp2_common/pico_stdio_usb/stdio_usb_descriptors.c.obj
                0x100063cc                tud_descriptor_string_cb
 .text._retrieve_unique_id_on_boot
                0x10006438       0x10 CMakeFiles/myblink_w.dir/C_/Program_Files/Raspberry_Pi/Pico_SDK_v1.5.1/pico-sdk/src/rp2_common/pico_unique_id/unique_id.c.obj
 .text.pico_get_unique_board_id_string
                0x10006448       0x60 CMakeFiles/myblink_w.dir/C_/Program_Files/Raspberry_Pi/Pico_SDK_v1.5.1/pico-sdk/src/rp2_common/pico_unique_id/unique_id.c.obj
                0x10006448                pico_get_unique_board_id_string
 .text.flash_get_unique_id
                0x100064a8       0x46 CMakeFiles/myblink_w.dir/C_/Program_Files/Raspberry_Pi/Pico_SDK_v1.5.1/pico-sdk/src/rp2_common/hardware_flash/flash.c.obj
                0x100064a8                flash_get_unique_id
 *fill*         0x100064ee        0x2 
 .text.hw_endpoint_get_by_addr
                0x100064f0       0x18 CMakeFiles/myblink_w.dir/C_/Program_Files/Raspberry_Pi/Pico_SDK_v1.5.1/pico-sdk/lib/tinyusb/src/portable/raspberrypi/rp2040/dcd_rp2040.c.obj
 .text._hw_endpoint_alloc
                0x10006508       0x70 CMakeFiles/myblink_w.dir/C_/Program_Files/Raspberry_Pi/Pico_SDK_v1.5.1/pico-sdk/lib/tinyusb/src/portable/raspberrypi/rp2040/dcd_rp2040.c.obj
 .text.hw_endpoint_init
                0x10006578       0x88 CMakeFiles/myblink_w.dir/C_/Program_Files/Raspberry_Pi/Pico_SDK_v1.5.1/pico-sdk/lib/tinyusb/src/portable/raspberrypi/rp2040/dcd_rp2040.c.obj
 .text.hw_endpoint_xfer
                0x10006600       0x14 CMakeFiles/myblink_w.dir/C_/Program_Files/Raspberry_Pi/Pico_SDK_v1.5.1/pico-sdk/lib/tinyusb/src/portable/raspberrypi/rp2040/dcd_rp2040.c.obj
 .text.dcd_int_enable
                0x10006614       0x2c CMakeFiles/myblink_w.dir/C_/Program_Files/Raspberry_Pi/Pico_SDK_v1.5.1/pico-sdk/lib/tinyusb/src/portable/raspberrypi/rp2040/dcd_rp2040.c.obj
                0x10006614                dcd_int_enable
 .text.dcd_set_address
                0x10006640       0x2c CMakeFiles/myblink_w.dir/C_/Program_Files/Raspberry_Pi/Pico_SDK_v1.5.1/pico-sdk/lib/tinyusb/src/portable/raspberrypi/rp2040/dcd_rp2040.c.obj
                0x10006640                dcd_set_address
 .text.dcd_connect
                0x1000666c       0x10 CMakeFiles/myblink_w.dir/C_/Program_Files/Raspberry_Pi/Pico_SDK_v1.5.1/pico-sdk/lib/tinyusb/src/portable/raspberrypi/rp2040/dcd_rp2040.c.obj
                0x1000666c                dcd_connect
 .text.dcd_init
                0x1000667c       0x80 CMakeFiles/myblink_w.dir/C_/Program_Files/Raspberry_Pi/Pico_SDK_v1.5.1/pico-sdk/lib/tinyusb/src/portable/raspberrypi/rp2040/dcd_rp2040.c.obj
                0x1000667c                dcd_init
 .text.dcd_edpt0_status_complete
                0x100066fc       0x1c CMakeFiles/myblink_w.dir/C_/Program_Files/Raspberry_Pi/Pico_SDK_v1.5.1/pico-sdk/lib/tinyusb/src/portable/raspberrypi/rp2040/dcd_rp2040.c.obj
                0x100066fc                dcd_edpt0_status_complete
 .text.dcd_edpt_open
                0x10006718       0x40 CMakeFiles/myblink_w.dir/C_/Program_Files/Raspberry_Pi/Pico_SDK_v1.5.1/pico-sdk/lib/tinyusb/src/portable/raspberrypi/rp2040/dcd_rp2040.c.obj
                0x10006718                dcd_edpt_open
 .text.dcd_edpt_close_all
                0x10006758        0x8 CMakeFiles/myblink_w.dir/C_/Program_Files/Raspberry_Pi/Pico_SDK_v1.5.1/pico-sdk/lib/tinyusb/src/portable/raspberrypi/rp2040/dcd_rp2040.c.obj
                0x10006758                dcd_edpt_close_all
 .text.dcd_edpt_xfer
                0x10006760       0x34 CMakeFiles/myblink_w.dir/C_/Program_Files/Raspberry_Pi/Pico_SDK_v1.5.1/pico-sdk/lib/tinyusb/src/portable/raspberrypi/rp2040/dcd_rp2040.c.obj
                0x10006760                dcd_edpt_xfer
 .text.dcd_edpt_stall
                0x10006794       0x2c CMakeFiles/myblink_w.dir/C_/Program_Files/Raspberry_Pi/Pico_SDK_v1.5.1/pico-sdk/lib/tinyusb/src/portable/raspberrypi/rp2040/dcd_rp2040.c.obj
                0x10006794                dcd_edpt_stall
 .text.dcd_edpt_clear_stall
                0x100067c0       0x20 CMakeFiles/myblink_w.dir/C_/Program_Files/Raspberry_Pi/Pico_SDK_v1.5.1/pico-sdk/lib/tinyusb/src/portable/raspberrypi/rp2040/dcd_rp2040.c.obj
                0x100067c0                dcd_edpt_clear_stall
 .text.rp2040_usb_init
                0x100067e0       0x4c CMakeFiles/myblink_w.dir/C_/Program_Files/Raspberry_Pi/Pico_SDK_v1.5.1/pico-sdk/lib/tinyusb/src/portable/raspberrypi/rp2040/rp2040_usb.c.obj
                0x100067e0                rp2040_usb_init
 .text.hw_endpoint_xfer_start
                0x1000682c       0x50 CMakeFiles/myblink_w.dir/C_/Program_Files/Raspberry_Pi/Pico_SDK_v1.5.1/pico-sdk/lib/tinyusb/src/portable/raspberrypi/rp2040/rp2040_usb.c.obj
                0x1000682c                hw_endpoint_xfer_start
 .text.configuration_reset
                0x1000687c       0x84 CMakeFiles/myblink_w.dir/C_/Program_Files/Raspberry_Pi/Pico_SDK_v1.5.1/pico-sdk/lib/tinyusb/src/device/usbd.c.obj
 .text.usbd_reset
                0x10006900        0xc CMakeFiles/myblink_w.dir/C_/Program_Files/Raspberry_Pi/Pico_SDK_v1.5.1/pico-sdk/lib/tinyusb/src/device/usbd.c.obj
 .text.invoke_class_control
                0x1000690c       0x1a CMakeFiles/myblink_w.dir/C_/Program_Files/Raspberry_Pi/Pico_SDK_v1.5.1/pico-sdk/lib/tinyusb/src/device/usbd.c.obj
 *fill*         0x10006926        0x2 
 .text.process_set_config
                0x10006928      0x178 CMakeFiles/myblink_w.dir/C_/Program_Files/Raspberry_Pi/Pico_SDK_v1.5.1/pico-sdk/lib/tinyusb/src/device/usbd.c.obj
 .text.process_get_descriptor
                0x10006aa0       0xdc CMakeFiles/myblink_w.dir/C_/Program_Files/Raspberry_Pi/Pico_SDK_v1.5.1/pico-sdk/lib/tinyusb/src/device/usbd.c.obj
 .text.tud_mounted
                0x10006b7c       0x10 CMakeFiles/myblink_w.dir/C_/Program_Files/Raspberry_Pi/Pico_SDK_v1.5.1/pico-sdk/lib/tinyusb/src/device/usbd.c.obj
                0x10006b7c                tud_mounted
 .text.tud_suspended
                0x10006b8c       0x10 CMakeFiles/myblink_w.dir/C_/Program_Files/Raspberry_Pi/Pico_SDK_v1.5.1/pico-sdk/lib/tinyusb/src/device/usbd.c.obj
                0x10006b8c                tud_suspended
 .text.tud_inited
                0x10006b9c       0x14 CMakeFiles/myblink_w.dir/C_/Program_Files/Raspberry_Pi/Pico_SDK_v1.5.1/pico-sdk/lib/tinyusb/src/device/usbd.c.obj
                0x10006b9c                tud_inited
 .text.tud_init
                0x10006bb0       0xcc CMakeFiles/myblink_w.dir/C_/Program_Files/Raspberry_Pi/Pico_SDK_v1.5.1/pico-sdk/lib/tinyusb/src/device/usbd.c.obj
                0x10006bb0                tud_init
 .text.usbd_defer_func
                0x10006c7c       0x2a CMakeFiles/myblink_w.dir/C_/Program_Files/Raspberry_Pi/Pico_SDK_v1.5.1/pico-sdk/lib/tinyusb/src/device/usbd.c.obj
                0x10006c7c                usbd_defer_func
 *fill*         0x10006ca6        0x2 
 .text.usbd_edpt_open
                0x10006ca8       0x34 CMakeFiles/myblink_w.dir/C_/Program_Files/Raspberry_Pi/Pico_SDK_v1.5.1/pico-sdk/lib/tinyusb/src/device/usbd.c.obj
                0x10006ca8                usbd_edpt_open
 .text.usbd_open_edpt_pair
                0x10006cdc       0x62 CMakeFiles/myblink_w.dir/C_/Program_Files/Raspberry_Pi/Pico_SDK_v1.5.1/pico-sdk/lib/tinyusb/src/device/usbd.c.obj
                0x10006cdc                usbd_open_edpt_pair
 *fill*         0x10006d3e        0x2 
 .text.usbd_edpt_claim
                0x10006d40       0x28 CMakeFiles/myblink_w.dir/C_/Program_Files/Raspberry_Pi/Pico_SDK_v1.5.1/pico-sdk/lib/tinyusb/src/device/usbd.c.obj
                0x10006d40                usbd_edpt_claim
 .text.usbd_edpt_release
                0x10006d68       0x28 CMakeFiles/myblink_w.dir/C_/Program_Files/Raspberry_Pi/Pico_SDK_v1.5.1/pico-sdk/lib/tinyusb/src/device/usbd.c.obj
                0x10006d68                usbd_edpt_release
 .text.usbd_edpt_xfer
                0x10006d90       0x78 CMakeFiles/myblink_w.dir/C_/Program_Files/Raspberry_Pi/Pico_SDK_v1.5.1/pico-sdk/lib/tinyusb/src/device/usbd.c.obj
                0x10006d90                usbd_edpt_xfer
 .text.usbd_edpt_stall
                0x10006e08       0x48 CMakeFiles/myblink_w.dir/C_/Program_Files/Raspberry_Pi/Pico_SDK_v1.5.1/pico-sdk/lib/tinyusb/src/device/usbd.c.obj
                0x10006e08                usbd_edpt_stall
 .text.usbd_edpt_clear_stall
                0x10006e50       0x48 CMakeFiles/myblink_w.dir/C_/Program_Files/Raspberry_Pi/Pico_SDK_v1.5.1/pico-sdk/lib/tinyusb/src/device/usbd.c.obj
                0x10006e50                usbd_edpt_clear_stall
 .text.usbd_edpt_stalled
                0x10006e98       0x1c CMakeFiles/myblink_w.dir/C_/Program_Files/Raspberry_Pi/Pico_SDK_v1.5.1/pico-sdk/lib/tinyusb/src/device/usbd.c.obj
                0x10006e98                usbd_edpt_stalled
 .text.process_control_request
                0x10006eb4      0x37c CMakeFiles/myblink_w.dir/C_/Program_Files/Raspberry_Pi/Pico_SDK_v1.5.1/pico-sdk/lib/tinyusb/src/device/usbd.c.obj
 .text.tud_task_ext
                0x10007230      0x1b8 CMakeFiles/myblink_w.dir/C_/Program_Files/Raspberry_Pi/Pico_SDK_v1.5.1/pico-sdk/lib/tinyusb/src/device/usbd.c.obj
                0x10007230                tud_task_ext
 .text._data_stage_xact
                0x100073e8       0x58 CMakeFiles/myblink_w.dir/C_/Program_Files/Raspberry_Pi/Pico_SDK_v1.5.1/pico-sdk/lib/tinyusb/src/device/usbd_control.c.obj
 .text.tud_control_status
                0x10007440       0x38 CMakeFiles/myblink_w.dir/C_/Program_Files/Raspberry_Pi/Pico_SDK_v1.5.1/pico-sdk/lib/tinyusb/src/device/usbd_control.c.obj
                0x10007440                tud_control_status
 .text.tud_control_xfer
                0x10007478       0x74 CMakeFiles/myblink_w.dir/C_/Program_Files/Raspberry_Pi/Pico_SDK_v1.5.1/pico-sdk/lib/tinyusb/src/device/usbd_control.c.obj
                0x10007478                tud_control_xfer
 .text.usbd_control_reset
                0x100074ec       0x14 CMakeFiles/myblink_w.dir/C_/Program_Files/Raspberry_Pi/Pico_SDK_v1.5.1/pico-sdk/lib/tinyusb/src/device/usbd_control.c.obj
                0x100074ec                usbd_control_reset
 .text.usbd_control_set_complete_callback
                0x10007500        0xc CMakeFiles/myblink_w.dir/C_/Program_Files/Raspberry_Pi/Pico_SDK_v1.5.1/pico-sdk/lib/tinyusb/src/device/usbd_control.c.obj
                0x10007500                usbd_control_set_complete_callback
 .text.usbd_control_set_request
                0x1000750c       0x1c CMakeFiles/myblink_w.dir/C_/Program_Files/Raspberry_Pi/Pico_SDK_v1.5.1/pico-sdk/lib/tinyusb/src/device/usbd_control.c.obj
                0x1000750c                usbd_control_set_request
 .text.usbd_control_xfer_cb
                0x10007528       0xcc CMakeFiles/myblink_w.dir/C_/Program_Files/Raspberry_Pi/Pico_SDK_v1.5.1/pico-sdk/lib/tinyusb/src/device/usbd_control.c.obj
                0x10007528                usbd_control_xfer_cb
 .text._prep_out_transaction
                0x100075f4       0x4a CMakeFiles/myblink_w.dir/C_/Program_Files/Raspberry_Pi/Pico_SDK_v1.5.1/pico-sdk/lib/tinyusb/src/class/cdc/cdc_device.c.obj
 *fill*         0x1000763e        0x2 
 .text.tud_cdc_n_connected
                0x10007640       0x44 CMakeFiles/myblink_w.dir/C_/Program_Files/Raspberry_Pi/Pico_SDK_v1.5.1/pico-sdk/lib/tinyusb/src/class/cdc/cdc_device.c.obj
                0x10007640                tud_cdc_n_connected
 .text.tud_cdc_n_available
                0x10007684       0x18 CMakeFiles/myblink_w.dir/C_/Program_Files/Raspberry_Pi/Pico_SDK_v1.5.1/pico-sdk/lib/tinyusb/src/class/cdc/cdc_device.c.obj
                0x10007684                tud_cdc_n_available
 .text.tud_cdc_n_read
                0x1000769c       0x28 CMakeFiles/myblink_w.dir/C_/Program_Files/Raspberry_Pi/Pico_SDK_v1.5.1/pico-sdk/lib/tinyusb/src/class/cdc/cdc_device.c.obj
                0x1000769c                tud_cdc_n_read
 .text.tud_cdc_n_write_flush
                0x100076c4       0xb8 CMakeFiles/myblink_w.dir/C_/Program_Files/Raspberry_Pi/Pico_SDK_v1.5.1/pico-sdk/lib/tinyusb/src/class/cdc/cdc_device.c.obj
                0x100076c4                tud_cdc_n_write_flush
 .text.tud_cdc_n_write
                0x1000777c       0x38 CMakeFiles/myblink_w.dir/C_/Program_Files/Raspberry_Pi/Pico_SDK_v1.5.1/pico-sdk/lib/tinyusb/src/class/cdc/cdc_device.c.obj
                0x1000777c                tud_cdc_n_write
 .text.tud_cdc_n_write_available
                0x100077b4       0x1c CMakeFiles/myblink_w.dir/C_/Program_Files/Raspberry_Pi/Pico_SDK_v1.5.1/pico-sdk/lib/tinyusb/src/class/cdc/cdc_device.c.obj
                0x100077b4                tud_cdc_n_write_available
 .text.cdcd_init
                0x100077d0       0xbc CMakeFiles/myblink_w.dir/C_/Program_Files/Raspberry_Pi/Pico_SDK_v1.5.1/pico-sdk/lib/tinyusb/src/class/cdc/cdc_device.c.obj
                0x100077d0                cdcd_init
 .text.cdcd_reset
                0x1000788c       0x44 CMakeFiles/myblink_w.dir/C_/Program_Files/Raspberry_Pi/Pico_SDK_v1.5.1/pico-sdk/lib/tinyusb/src/class/cdc/cdc_device.c.obj
                0x1000788c                cdcd_reset
 .text.cdcd_open
                0x100078d0       0xcc CMakeFiles/myblink_w.dir/C_/Program_Files/Raspberry_Pi/Pico_SDK_v1.5.1/pico-sdk/lib/tinyusb/src/class/cdc/cdc_device.c.obj
                0x100078d0                cdcd_open
 .text.cdcd_control_xfer_cb
                0x1000799c      0x134 CMakeFiles/myblink_w.dir/C_/Program_Files/Raspberry_Pi/Pico_SDK_v1.5.1/pico-sdk/lib/tinyusb/src/class/cdc/cdc_device.c.obj
                0x1000799c                cdcd_control_xfer_cb
 .text.cdcd_xfer_cb
                0x10007ad0      0x130 CMakeFiles/myblink_w.dir/C_/Program_Files/Raspberry_Pi/Pico_SDK_v1.5.1/pico-sdk/lib/tinyusb/src/class/cdc/cdc_device.c.obj
                0x10007ad0                cdcd_xfer_cb
 .text.tusb_init
                0x10007c00        0xa CMakeFiles/myblink_w.dir/C_/Program_Files/Raspberry_Pi/Pico_SDK_v1.5.1/pico-sdk/lib/tinyusb/src/tusb.c.obj
                0x10007c00                tusb_init
 .text.tusb_inited
                0x10007c0a        0xe CMakeFiles/myblink_w.dir/C_/Program_Files/Raspberry_Pi/Pico_SDK_v1.5.1/pico-sdk/lib/tinyusb/src/tusb.c.obj
                0x10007c0a                tusb_inited
 .text.tu_edpt_claim
                0x10007c18       0x50 CMakeFiles/myblink_w.dir/C_/Program_Files/Raspberry_Pi/Pico_SDK_v1.5.1/pico-sdk/lib/tinyusb/src/tusb.c.obj
                0x10007c18                tu_edpt_claim
 .text.tu_edpt_release
                0x10007c68       0x3c CMakeFiles/myblink_w.dir/C_/Program_Files/Raspberry_Pi/Pico_SDK_v1.5.1/pico-sdk/lib/tinyusb/src/tusb.c.obj
                0x10007c68                tu_edpt_release
 .text.tu_edpt_validate
                0x10007ca4       0x78 CMakeFiles/myblink_w.dir/C_/Program_Files/Raspberry_Pi/Pico_SDK_v1.5.1/pico-sdk/lib/tinyusb/src/tusb.c.obj
                0x10007ca4                tu_edpt_validate
 .text.tu_edpt_bind_driver
                0x10007d1c       0x26 CMakeFiles/myblink_w.dir/C_/Program_Files/Raspberry_Pi/Pico_SDK_v1.5.1/pico-sdk/lib/tinyusb/src/tusb.c.obj
                0x10007d1c                tu_edpt_bind_driver
 .text.advance_index
                0x10007d42       0x1a CMakeFiles/myblink_w.dir/C_/Program_Files/Raspberry_Pi/Pico_SDK_v1.5.1/pico-sdk/lib/tinyusb/src/common/tusb_fifo.c.obj
 .text._tu_fifo_peek
                0x10007d5c       0x56 CMakeFiles/myblink_w.dir/C_/Program_Files/Raspberry_Pi/Pico_SDK_v1.5.1/pico-sdk/lib/tinyusb/src/common/tusb_fifo.c.obj
 .text._ff_pull_const_addr
                0x10007db2       0x4c CMakeFiles/myblink_w.dir/C_/Program_Files/Raspberry_Pi/Pico_SDK_v1.5.1/pico-sdk/lib/tinyusb/src/common/tusb_fifo.c.obj
 .text._ff_pull_n
                0x10007dfe      0x110 CMakeFiles/myblink_w.dir/C_/Program_Files/Raspberry_Pi/Pico_SDK_v1.5.1/pico-sdk/lib/tinyusb/src/common/tusb_fifo.c.obj
 .text._tu_fifo_peek_n
                0x10007f0e       0x6a CMakeFiles/myblink_w.dir/C_/Program_Files/Raspberry_Pi/Pico_SDK_v1.5.1/pico-sdk/lib/tinyusb/src/common/tusb_fifo.c.obj
 .text._tu_fifo_read_n
                0x10007f78       0x4e CMakeFiles/myblink_w.dir/C_/Program_Files/Raspberry_Pi/Pico_SDK_v1.5.1/pico-sdk/lib/tinyusb/src/common/tusb_fifo.c.obj
 .text._ff_push_const_addr
                0x10007fc6       0x40 CMakeFiles/myblink_w.dir/C_/Program_Files/Raspberry_Pi/Pico_SDK_v1.5.1/pico-sdk/lib/tinyusb/src/common/tusb_fifo.c.obj
 .text._ff_push_n
                0x10008006      0x10c CMakeFiles/myblink_w.dir/C_/Program_Files/Raspberry_Pi/Pico_SDK_v1.5.1/pico-sdk/lib/tinyusb/src/common/tusb_fifo.c.obj
 .text._tu_fifo_write_n
                0x10008112       0xf0 CMakeFiles/myblink_w.dir/C_/Program_Files/Raspberry_Pi/Pico_SDK_v1.5.1/pico-sdk/lib/tinyusb/src/common/tusb_fifo.c.obj
 .text.tu_fifo_config
                0x10008202       0x7c CMakeFiles/myblink_w.dir/C_/Program_Files/Raspberry_Pi/Pico_SDK_v1.5.1/pico-sdk/lib/tinyusb/src/common/tusb_fifo.c.obj
                0x10008202                tu_fifo_config
 .text.tu_fifo_count
                0x1000827e       0x2a CMakeFiles/myblink_w.dir/C_/Program_Files/Raspberry_Pi/Pico_SDK_v1.5.1/pico-sdk/lib/tinyusb/src/common/tusb_fifo.c.obj
                0x1000827e                tu_fifo_count
 .text.tu_fifo_empty
                0x100082a8       0x10 CMakeFiles/myblink_w.dir/C_/Program_Files/Raspberry_Pi/Pico_SDK_v1.5.1/pico-sdk/lib/tinyusb/src/common/tusb_fifo.c.obj
                0x100082a8                tu_fifo_empty
 .text.tu_fifo_full
                0x100082b8       0x28 CMakeFiles/myblink_w.dir/C_/Program_Files/Raspberry_Pi/Pico_SDK_v1.5.1/pico-sdk/lib/tinyusb/src/common/tusb_fifo.c.obj
                0x100082b8                tu_fifo_full
 .text.tu_fifo_remaining
                0x100082e0       0x2c CMakeFiles/myblink_w.dir/C_/Program_Files/Raspberry_Pi/Pico_SDK_v1.5.1/pico-sdk/lib/tinyusb/src/common/tusb_fifo.c.obj
                0x100082e0                tu_fifo_remaining
 .text.tu_fifo_read
                0x1000830c       0x42 CMakeFiles/myblink_w.dir/C_/Program_Files/Raspberry_Pi/Pico_SDK_v1.5.1/pico-sdk/lib/tinyusb/src/common/tusb_fifo.c.obj
                0x1000830c                tu_fifo_read
 .text.tu_fifo_read_n
                0x1000834e        0xa CMakeFiles/myblink_w.dir/C_/Program_Files/Raspberry_Pi/Pico_SDK_v1.5.1/pico-sdk/lib/tinyusb/src/common/tusb_fifo.c.obj
                0x1000834e                tu_fifo_read_n
 .text.tu_fifo_write
                0x10008358       0x64 CMakeFiles/myblink_w.dir/C_/Program_Files/Raspberry_Pi/Pico_SDK_v1.5.1/pico-sdk/lib/tinyusb/src/common/tusb_fifo.c.obj
                0x10008358                tu_fifo_write
 .text.tu_fifo_write_n
                0x100083bc        0xa CMakeFiles/myblink_w.dir/C_/Program_Files/Raspberry_Pi/Pico_SDK_v1.5.1/pico-sdk/lib/tinyusb/src/common/tusb_fifo.c.obj
                0x100083bc                tu_fifo_write_n
 .text.tu_fifo_clear
                0x100083c6       0x3e CMakeFiles/myblink_w.dir/C_/Program_Files/Raspberry_Pi/Pico_SDK_v1.5.1/pico-sdk/lib/tinyusb/src/common/tusb_fifo.c.obj
                0x100083c6                tu_fifo_clear
 .text.tu_fifo_set_overwritable
                0x10008404       0x46 CMakeFiles/myblink_w.dir/C_/Program_Files/Raspberry_Pi/Pico_SDK_v1.5.1/pico-sdk/lib/tinyusb/src/common/tusb_fifo.c.obj
                0x10008404                tu_fifo_set_overwritable
 .text.spi_set_baudrate
                0x1000844a       0xcc CMakeFiles/myblink_w.dir/C_/Program_Files/Raspberry_Pi/Pico_SDK_v1.5.1/pico-sdk/src/rp2_common/hardware_spi/spi.c.obj
                0x1000844a                spi_set_baudrate
 *fill*         0x10008516        0x2 
 .text.spi_init
                0x10008518       0x74 CMakeFiles/myblink_w.dir/C_/Program_Files/Raspberry_Pi/Pico_SDK_v1.5.1/pico-sdk/src/rp2_common/hardware_spi/spi.c.obj
                0x10008518                spi_init
 .text.i2c_write_blocking_internal
                0x1000858c      0x140 CMakeFiles/myblink_w.dir/C_/Program_Files/Raspberry_Pi/Pico_SDK_v1.5.1/pico-sdk/src/rp2_common/hardware_i2c/i2c.c.obj
 .text.i2c_set_baudrate
                0x100086cc       0xf0 CMakeFiles/myblink_w.dir/C_/Program_Files/Raspberry_Pi/Pico_SDK_v1.5.1/pico-sdk/src/rp2_common/hardware_i2c/i2c.c.obj
                0x100086cc                i2c_set_baudrate
 .text.i2c_init
                0x100087bc       0x58 CMakeFiles/myblink_w.dir/C_/Program_Files/Raspberry_Pi/Pico_SDK_v1.5.1/pico-sdk/src/rp2_common/hardware_i2c/i2c.c.obj
                0x100087bc                i2c_init
 .text.i2c_write_blocking
                0x10008814       0x18 CMakeFiles/myblink_w.dir/C_/Program_Files/Raspberry_Pi/Pico_SDK_v1.5.1/pico-sdk/src/rp2_common/hardware_i2c/i2c.c.obj
                0x10008814                i2c_write_blocking
 .text.memcmp   0x1000882c       0x48 c:/progra~1/raspbe~1/picosd~1.1/gcc-ar~1/bin/../lib/gcc/arm-none-eabi/10.3.1/../../../../arm-none-eabi/lib/thumb/v6-m/nofp\libg.a(lib_a-memcmp.o)
                0x1000882c                memcmp
 .text.strlen   0x10008874       0x5c c:/progra~1/raspbe~1/picosd~1.1/gcc-ar~1/bin/../lib/gcc/arm-none-eabi/10.3.1/../../../../arm-none-eabi/lib/thumb/v6-m/nofp\libg.a(lib_a-strlen-stub.o)
                0x10008874                strlen
 .text.time     0x100088d0       0x34 c:/progra~1/raspbe~1/picosd~1.1/gcc-ar~1/bin/../lib/gcc/arm-none-eabi/10.3.1/../../../../arm-none-eabi/lib/thumb/v6-m/nofp\libg.a(lib_a-time.o)
                0x100088d0                time
 .text._gettimeofday_r
                0x10008904       0x28 c:/progra~1/raspbe~1/picosd~1.1/gcc-ar~1/bin/../lib/gcc/arm-none-eabi/10.3.1/../../../../arm-none-eabi/lib/thumb/v6-m/nofp\libg.a(lib_a-gettimeofdayr.o)
                0x10008904                _gettimeofday_r
 *(.fini)
 .fini          0x1000892c        0x4 c:/progra~1/raspbe~1/picosd~1.1/gcc-ar~1/bin/../lib/gcc/arm-none-eabi/10.3.1/thumb/v6-m/nofp/crti.o
                0x1000892c                _fini
 .fini.__stub   0x10008930      0x100 linker stubs
 *crtbegin.o(.ctors)
 *crtbegin?.o(.ctors)
 *(EXCLUDE_FILE(*crtend.o *crtend?.o) .ctors)
 *(SORT_BY_NAME(.ctors.*))
 *(.ctors)
 *crtbegin.o(.dtors)
 *crtbegin?.o(.dtors)
 *(EXCLUDE_FILE(*crtend.o *crtend?.o) .dtors)
 *(SORT_BY_NAME(.dtors.*))
 *(.dtors)
 *(.eh_frame*)
 .eh_frame      0x10008a30        0x0 c:/progra~1/raspbe~1/picosd~1.1/gcc-ar~1/bin/../lib/gcc/arm-none-eabi/10.3.1/thumb/v6-m/nofp/crtbegin.o
                0x10008a30                . = ALIGN (0x4)

.glue_7         0x10008a30        0x0
 .glue_7        0x10008a30        0x0 linker stubs

.glue_7t        0x10008a30        0x0
 .glue_7t       0x10008a30        0x0 linker stubs

.vfp11_veneer   0x10008a30        0x0
 .vfp11_veneer  0x10008a30        0x0 linker stubs

.v4_bx          0x10008a30        0x0
 .v4_bx         0x10008a30        0x0 linker stubs

.iplt           0x10008a30        0x0
 .iplt          0x10008a30        0x0 c:/progra~1/raspbe~1/picosd~1.1/gcc-ar~1/bin/../lib/gcc/arm-none-eabi/10.3.1/thumb/v6-m/nofp/crtbegin.o

.rodata         0x10008a30     0x2108
 *(EXCLUDE_FILE(*libm.a: *libc.a:*lib_a-mem*.o *libgcc.a:) .rodata*)
 .rodata.impProd.str1.4
                0x10008a30       0x35 CMakeFiles/myblink_w.dir/RfidLoad.c.obj
 *fill*         0x10008a65        0x3 
 .rodata.impProd
                0x10008a68       0x14 CMakeFiles/myblink_w.dir/RfidLoad.c.obj
 .rodata.readBlock.str1.4
                0x10008a7c       0x9a CMakeFiles/myblink_w.dir/RfidLoad.c.obj
 *fill*         0x10008b16        0x2 
 .rodata.readCard.str1.4
                0x10008b18       0xab CMakeFiles/myblink_w.dir/RfidLoad.c.obj
                                 0xaf (size before relaxing)
 *fill*         0x10008bc3        0x1 
 .rodata.main.str1.4
                0x10008bc4      0x1d0 CMakeFiles/myblink_w.dir/RfidLoad.c.obj
 .rodata.GetStatusCodeName.str1.4
                0x10008d94      0x102 CMakeFiles/myblink_w.dir/mfrc522.c.obj
 *fill*         0x10008e96        0x2 
 .rodata.GetStatusCodeName
                0x10008e98       0x20 CMakeFiles/myblink_w.dir/mfrc522.c.obj
 .rodata.PICC_GetType
                0x10008eb8      0x104 CMakeFiles/myblink_w.dir/mfrc522.c.obj
 .rodata.PICC_GetTypeName.str1.4
                0x10008fbc       0xef CMakeFiles/myblink_w.dir/mfrc522.c.obj
 *fill*         0x100090ab        0x1 
 .rodata.PICC_GetTypeName
                0x100090ac       0x24 CMakeFiles/myblink_w.dir/mfrc522.c.obj
 .rodata.PCD_DumpVersionToSerial.str1.4
                0x100090d0       0xa4 CMakeFiles/myblink_w.dir/mfrc522.c.obj
 .rodata.PICC_DumpDetailsToSerial.str1.4
                0x10009174       0x25 CMakeFiles/myblink_w.dir/mfrc522.c.obj
                                 0x2d (size before relaxing)
 *fill*         0x10009199        0x3 
 .rodata.PICC_DumpMifareClassicSectorToSerial.str1.4
                0x1000919c       0x88 CMakeFiles/myblink_w.dir/mfrc522.c.obj
                                 0x8c (size before relaxing)
 .rodata.PICC_DumpMifareClassicToSerial.str1.4
                0x10009224       0x4e CMakeFiles/myblink_w.dir/mfrc522.c.obj
 *fill*         0x10009272        0x2 
 .rodata.PICC_DumpMifareUltralightToSerial.str1.4
                0x10009274       0x12 CMakeFiles/myblink_w.dir/mfrc522.c.obj
 *fill*         0x10009286        0x2 
 .rodata.PICC_DumpToSerial.str1.4
                0x10009288       0x3d CMakeFiles/myblink_w.dir/mfrc522.c.obj
 *fill*         0x100092c5        0x3 
 .rodata.__bi_142.0
                0x100092c8        0x8 CMakeFiles/myblink_w.dir/lcd_i2c_16x2.c.obj
 .rodata.verificar_password.str1.4
                0x100092d0       0x2b CMakeFiles/myblink_w.dir/Inventario.c.obj
                                 0x47 (size before relaxing)
 *fill*         0x100092fb        0x1 
 .rodata.keypad_columns
                0x100092fc       0x10 CMakeFiles/myblink_w.dir/Inventario.c.obj
                0x100092fc                keypad_columns
 .rodata.keypad_rows
                0x1000930c       0x10 CMakeFiles/myblink_w.dir/Inventario.c.obj
                0x1000930c                keypad_rows
 .rodata.matrix_keys
                0x1000931c       0x10 CMakeFiles/myblink_w.dir/Inventario.c.obj
                0x1000931c                matrix_keys
 .rodata.spin_lock_claim_unused.str1.4
                0x1000932c       0x1b CMakeFiles/myblink_w.dir/C_/Program_Files/Raspberry_Pi/Pico_SDK_v1.5.1/pico-sdk/src/rp2_common/hardware_sync/sync.c.obj
 *fill*         0x10009347        0x1 
 .rodata.make_branch.str1.4
                0x10009348       0x89 CMakeFiles/myblink_w.dir/C_/Program_Files/Raspberry_Pi/Pico_SDK_v1.5.1/pico-sdk/src/rp2_common/hardware_irq/irq.c.obj
 *fill*         0x100093d1        0x3 
 .rodata.insert_branch_and_link.str1.4
                0x100093d4       0x10 CMakeFiles/myblink_w.dir/C_/Program_Files/Raspberry_Pi/Pico_SDK_v1.5.1/pico-sdk/src/rp2_common/hardware_irq/irq.c.obj
 .rodata.irq_set_exclusive_handler.str1.4
                0x100093e4       0x36 CMakeFiles/myblink_w.dir/C_/Program_Files/Raspberry_Pi/Pico_SDK_v1.5.1/pico-sdk/src/rp2_common/hardware_irq/irq.c.obj
 *fill*         0x1000941a        0x2 
 .rodata.irq_add_shared_handler.str1.4
                0x1000941c       0xd9 CMakeFiles/myblink_w.dir/C_/Program_Files/Raspberry_Pi/Pico_SDK_v1.5.1/pico-sdk/src/rp2_common/hardware_irq/irq.c.obj
 *fill*         0x100094f5        0x3 
 .rodata.irq_remove_handler.str1.4
                0x100094f8       0x3a CMakeFiles/myblink_w.dir/C_/Program_Files/Raspberry_Pi/Pico_SDK_v1.5.1/pico-sdk/src/rp2_common/hardware_irq/irq.c.obj
 *fill*         0x10009532        0x2 
 .rodata.irq_add_tail_to_free_list.str1.4
                0x10009534       0x3a CMakeFiles/myblink_w.dir/C_/Program_Files/Raspberry_Pi/Pico_SDK_v1.5.1/pico-sdk/src/rp2_common/hardware_irq/irq.c.obj
 *fill*         0x1000956e        0x2 
 .rodata.user_irq_claim_unused.str1.4
                0x10009570       0x1b CMakeFiles/myblink_w.dir/C_/Program_Files/Raspberry_Pi/Pico_SDK_v1.5.1/pico-sdk/src/rp2_common/hardware_irq/irq.c.obj
 *fill*         0x1000958b        0x1 
 .rodata.__func__.0
                0x1000958c       0x1a CMakeFiles/myblink_w.dir/C_/Program_Files/Raspberry_Pi/Pico_SDK_v1.5.1/pico-sdk/src/rp2_common/hardware_irq/irq.c.obj
 *fill*         0x100095a6        0x2 
 .rodata.__func__.1
                0x100095a8       0x17 CMakeFiles/myblink_w.dir/C_/Program_Files/Raspberry_Pi/Pico_SDK_v1.5.1/pico-sdk/src/rp2_common/hardware_irq/irq.c.obj
 *fill*         0x100095bf        0x1 
 .rodata.__func__.2
                0x100095c0       0x13 CMakeFiles/myblink_w.dir/C_/Program_Files/Raspberry_Pi/Pico_SDK_v1.5.1/pico-sdk/src/rp2_common/hardware_irq/irq.c.obj
 *fill*         0x100095d3        0x1 
 .rodata.__func__.3
                0x100095d4        0xc CMakeFiles/myblink_w.dir/C_/Program_Files/Raspberry_Pi/Pico_SDK_v1.5.1/pico-sdk/src/rp2_common/hardware_irq/irq.c.obj
 .rodata.__func__.4
                0x100095e0        0xf CMakeFiles/myblink_w.dir/C_/Program_Files/Raspberry_Pi/Pico_SDK_v1.5.1/pico-sdk/src/rp2_common/hardware_irq/irq.c.obj
 *fill*         0x100095ef        0x1 
 .rodata.__func__.5
                0x100095f0       0x17 CMakeFiles/myblink_w.dir/C_/Program_Files/Raspberry_Pi/Pico_SDK_v1.5.1/pico-sdk/src/rp2_common/hardware_irq/irq.c.obj
 *fill*         0x10009607        0x1 
 .rodata.__func__.6
                0x10009608       0x1a CMakeFiles/myblink_w.dir/C_/Program_Files/Raspberry_Pi/Pico_SDK_v1.5.1/pico-sdk/src/rp2_common/hardware_irq/irq.c.obj
 *fill*         0x10009622        0x2 
 .rodata.str1.4
                0x10009624      0x125 CMakeFiles/myblink_w.dir/C_/Program_Files/Raspberry_Pi/Pico_SDK_v1.5.1/pico-sdk/src/common/pico_sync/mutex.c.obj
 *fill*         0x10009749        0x3 
 .rodata.__func__.1
                0x1000974c        0xb CMakeFiles/myblink_w.dir/C_/Program_Files/Raspberry_Pi/Pico_SDK_v1.5.1/pico-sdk/src/common/pico_sync/mutex.c.obj
 *fill*         0x10009757        0x1 
 .rodata.__func__.3
                0x10009758       0x18 CMakeFiles/myblink_w.dir/C_/Program_Files/Raspberry_Pi/Pico_SDK_v1.5.1/pico-sdk/src/common/pico_sync/mutex.c.obj
 .rodata.__func__.4
                0x10009770       0x15 CMakeFiles/myblink_w.dir/C_/Program_Files/Raspberry_Pi/Pico_SDK_v1.5.1/pico-sdk/src/common/pico_sync/mutex.c.obj
 *fill*         0x10009785        0x3 
 .rodata.repeating_timer_callback.str1.4
                0x10009788       0x67 CMakeFiles/myblink_w.dir/C_/Program_Files/Raspberry_Pi/Pico_SDK_v1.5.1/pico-sdk/src/common/pico_time/time.c.obj
 *fill*         0x100097ef        0x1 
 .rodata.timer_pool_entry_comparator.str1.4
                0x100097f0       0x22 CMakeFiles/myblink_w.dir/C_/Program_Files/Raspberry_Pi/Pico_SDK_v1.5.1/pico-sdk/src/common/pico_time/time.c.obj
 *fill*         0x10009812        0x2 
 .rodata.ph_add_child_node.str1.4
                0x10009814       0xb2 CMakeFiles/myblink_w.dir/C_/Program_Files/Raspberry_Pi/Pico_SDK_v1.5.1/pico-sdk/src/common/pico_time/time.c.obj
 *fill*         0x100098c6        0x2 
 .rodata.add_alarm_under_lock.str1.4
                0x100098c8       0x28 CMakeFiles/myblink_w.dir/C_/Program_Files/Raspberry_Pi/Pico_SDK_v1.5.1/pico-sdk/src/common/pico_time/time.c.obj
                                 0x2b (size before relaxing)
 .rodata.alarm_pool_alarm_callback.str1.4
                0x100098f0       0x98 CMakeFiles/myblink_w.dir/C_/Program_Files/Raspberry_Pi/Pico_SDK_v1.5.1/pico-sdk/src/common/pico_time/time.c.obj
                                0x118 (size before relaxing)
 .rodata.alarm_pool_get_default.str1.4
                0x10009988       0x21 CMakeFiles/myblink_w.dir/C_/Program_Files/Raspberry_Pi/Pico_SDK_v1.5.1/pico-sdk/src/common/pico_time/time.c.obj
 *fill*         0x100099a9        0x3 
 .rodata.alarm_pool_cancel_alarm.str1.4
                0x100099ac       0x27 CMakeFiles/myblink_w.dir/C_/Program_Files/Raspberry_Pi/Pico_SDK_v1.5.1/pico-sdk/src/common/pico_time/time.c.obj
 *fill*         0x100099d3        0x1 
 .rodata.sleep_until.str1.4
                0x100099d4       0x4d CMakeFiles/myblink_w.dir/C_/Program_Files/Raspberry_Pi/Pico_SDK_v1.5.1/pico-sdk/src/common/pico_time/time.c.obj
 *fill*         0x10009a21        0x3 
 .rodata.__func__.0
                0x10009a24       0x19 CMakeFiles/myblink_w.dir/C_/Program_Files/Raspberry_Pi/Pico_SDK_v1.5.1/pico-sdk/src/common/pico_time/time.c.obj
 *fill*         0x10009a3d        0x3 
 .rodata.__func__.1
                0x10009a40       0x18 CMakeFiles/myblink_w.dir/C_/Program_Files/Raspberry_Pi/Pico_SDK_v1.5.1/pico-sdk/src/common/pico_time/time.c.obj
 .rodata.__func__.10
                0x10009a58       0x15 CMakeFiles/myblink_w.dir/C_/Program_Files/Raspberry_Pi/Pico_SDK_v1.5.1/pico-sdk/src/common/pico_time/time.c.obj
 *fill*         0x10009a6d        0x3 
 .rodata.__func__.11
                0x10009a70       0x1a CMakeFiles/myblink_w.dir/C_/Program_Files/Raspberry_Pi/Pico_SDK_v1.5.1/pico-sdk/src/common/pico_time/time.c.obj
 *fill*         0x10009a8a        0x2 
 .rodata.__func__.12
                0x10009a8c        0xa CMakeFiles/myblink_w.dir/C_/Program_Files/Raspberry_Pi/Pico_SDK_v1.5.1/pico-sdk/src/common/pico_time/time.c.obj
 *fill*         0x10009a96        0x2 
 .rodata.__func__.3
                0x10009a98       0x17 CMakeFiles/myblink_w.dir/C_/Program_Files/Raspberry_Pi/Pico_SDK_v1.5.1/pico-sdk/src/common/pico_time/time.c.obj
 *fill*         0x10009aaf        0x1 
 .rodata.__func__.4
                0x10009ab0       0x12 CMakeFiles/myblink_w.dir/C_/Program_Files/Raspberry_Pi/Pico_SDK_v1.5.1/pico-sdk/src/common/pico_time/time.c.obj
 *fill*         0x10009ac2        0x2 
 .rodata.__func__.5
                0x10009ac4        0xd CMakeFiles/myblink_w.dir/C_/Program_Files/Raspberry_Pi/Pico_SDK_v1.5.1/pico-sdk/src/common/pico_time/time.c.obj
 *fill*         0x10009ad1        0x3 
 .rodata.__func__.6
                0x10009ad4       0x12 CMakeFiles/myblink_w.dir/C_/Program_Files/Raspberry_Pi/Pico_SDK_v1.5.1/pico-sdk/src/common/pico_time/time.c.obj
 *fill*         0x10009ae6        0x2 
 .rodata.__func__.7
                0x10009ae8        0xf CMakeFiles/myblink_w.dir/C_/Program_Files/Raspberry_Pi/Pico_SDK_v1.5.1/pico-sdk/src/common/pico_time/time.c.obj
 *fill*         0x10009af7        0x1 
 .rodata.__func__.8
                0x10009af8        0xc CMakeFiles/myblink_w.dir/C_/Program_Files/Raspberry_Pi/Pico_SDK_v1.5.1/pico-sdk/src/common/pico_time/time.c.obj
 .rodata.__func__.9
                0x10009b04       0x15 CMakeFiles/myblink_w.dir/C_/Program_Files/Raspberry_Pi/Pico_SDK_v1.5.1/pico-sdk/src/common/pico_time/time.c.obj
 *fill*         0x10009b19        0x3 
 .rodata.hardware_alarm_claim.str1.4
                0x10009b1c       0x22 CMakeFiles/myblink_w.dir/C_/Program_Files/Raspberry_Pi/Pico_SDK_v1.5.1/pico-sdk/src/rp2_common/hardware_timer/timer.c.obj
 *fill*         0x10009b3e        0x2 
 .rodata.hardware_alarm_set_target.str1.4
                0x10009b40       0x81 CMakeFiles/myblink_w.dir/C_/Program_Files/Raspberry_Pi/Pico_SDK_v1.5.1/pico-sdk/src/rp2_common/hardware_timer/timer.c.obj
 *fill*         0x10009bc1        0x3 
 .rodata.__func__.0
                0x10009bc4       0x1a CMakeFiles/myblink_w.dir/C_/Program_Files/Raspberry_Pi/Pico_SDK_v1.5.1/pico-sdk/src/rp2_common/hardware_timer/timer.c.obj
 .rodata.ph_add_child_node.str1.4
                0x10009bde       0xb2 CMakeFiles/myblink_w.dir/C_/Program_Files/Raspberry_Pi/Pico_SDK_v1.5.1/pico-sdk/src/common/pico_util/pheap.c.obj
 *fill*         0x10009bde        0x2 
 .rodata.ph_remove_any_head.str1.4
                0x10009be0       0xa8 CMakeFiles/myblink_w.dir/C_/Program_Files/Raspberry_Pi/Pico_SDK_v1.5.1/pico-sdk/src/common/pico_util/pheap.c.obj
                                 0xbc (size before relaxing)
 .rodata.ph_remove_and_free_node.str1.4
                0x10009c88       0x1e CMakeFiles/myblink_w.dir/C_/Program_Files/Raspberry_Pi/Pico_SDK_v1.5.1/pico-sdk/src/common/pico_util/pheap.c.obj
                                 0x26 (size before relaxing)
 *fill*         0x10009ca6        0x2 
 .rodata.__func__.0
                0x10009ca8       0x18 CMakeFiles/myblink_w.dir/C_/Program_Files/Raspberry_Pi/Pico_SDK_v1.5.1/pico-sdk/src/common/pico_util/pheap.c.obj
 .rodata.__func__.1
                0x10009cc0       0x13 CMakeFiles/myblink_w.dir/C_/Program_Files/Raspberry_Pi/Pico_SDK_v1.5.1/pico-sdk/src/common/pico_util/pheap.c.obj
 *fill*         0x10009cd3        0x1 
 .rodata.__func__.2
                0x10009cd4       0x12 CMakeFiles/myblink_w.dir/C_/Program_Files/Raspberry_Pi/Pico_SDK_v1.5.1/pico-sdk/src/common/pico_util/pheap.c.obj
 *fill*         0x10009ce6        0x2 
 .rodata.__func__.3
                0x10009ce8        0xc CMakeFiles/myblink_w.dir/C_/Program_Files/Raspberry_Pi/Pico_SDK_v1.5.1/pico-sdk/src/common/pico_util/pheap.c.obj
 .rodata.clock_configure.str1.4
                0x10009cf4       0x73 CMakeFiles/myblink_w.dir/C_/Program_Files/Raspberry_Pi/Pico_SDK_v1.5.1/pico-sdk/src/rp2_common/hardware_clocks/clocks.c.obj
 *fill*         0x10009d67        0x1 
 .rodata.__func__.1
                0x10009d68       0x10 CMakeFiles/myblink_w.dir/C_/Program_Files/Raspberry_Pi/Pico_SDK_v1.5.1/pico-sdk/src/rp2_common/hardware_clocks/clocks.c.obj
 .rodata.pll_init.str1.4
                0x10009d78      0x140 CMakeFiles/myblink_w.dir/C_/Program_Files/Raspberry_Pi/Pico_SDK_v1.5.1/pico-sdk/src/rp2_common/hardware_pll/pll.c.obj
 .rodata.__func__.0
                0x10009eb8        0x9 CMakeFiles/myblink_w.dir/C_/Program_Files/Raspberry_Pi/Pico_SDK_v1.5.1/pico-sdk/src/rp2_common/hardware_pll/pll.c.obj
 *fill*         0x10009ec1        0x3 
 .rodata.__assert_func.str1.4
                0x10009ec4       0x3f CMakeFiles/myblink_w.dir/C_/Program_Files/Raspberry_Pi/Pico_SDK_v1.5.1/pico-sdk/src/rp2_common/pico_runtime/runtime.c.obj
                                 0x43 (size before relaxing)
 *fill*         0x10009f03        0x1 
 .rodata.runtime_init.str1.4
                0x10009f04       0x7d CMakeFiles/myblink_w.dir/C_/Program_Files/Raspberry_Pi/Pico_SDK_v1.5.1/pico-sdk/src/rp2_common/pico_runtime/runtime.c.obj
 .rodata._gettimeofday.str1.4
                0x10009f81       0x7d CMakeFiles/myblink_w.dir/C_/Program_Files/Raspberry_Pi/Pico_SDK_v1.5.1/pico-sdk/src/rp2_common/pico_runtime/runtime.c.obj
 *fill*         0x10009f81        0x3 
 .rodata.panic.str1.4
                0x10009f84       0x10 CMakeFiles/myblink_w.dir/C_/Program_Files/Raspberry_Pi/Pico_SDK_v1.5.1/pico-sdk/src/rp2_common/pico_runtime/runtime.c.obj
                                 0x12 (size before relaxing)
 .rodata.__func__.0
                0x10009f94       0x15 CMakeFiles/myblink_w.dir/C_/Program_Files/Raspberry_Pi/Pico_SDK_v1.5.1/pico-sdk/src/rp2_common/pico_runtime/runtime.c.obj
 *fill*         0x10009fa9        0x3 
 .rodata.__func__.2
                0x10009fac        0xd CMakeFiles/myblink_w.dir/C_/Program_Files/Raspberry_Pi/Pico_SDK_v1.5.1/pico-sdk/src/rp2_common/pico_runtime/runtime.c.obj
 *fill*         0x10009fb9        0x3 
 .rodata._ftoa.str1.4
                0x10009fbc       0x15 CMakeFiles/myblink_w.dir/C_/Program_Files/Raspberry_Pi/Pico_SDK_v1.5.1/pico-sdk/src/rp2_common/pico_printf/printf.c.obj
 *fill*         0x10009fd1        0x3 
 .rodata._vsnprintf
                0x10009fd4      0x1e0 CMakeFiles/myblink_w.dir/C_/Program_Files/Raspberry_Pi/Pico_SDK_v1.5.1/pico-sdk/src/rp2_common/pico_printf/printf.c.obj
 *fill*         0x1000a1b4        0x4 
 .rodata.pow10.0
                0x1000a1b8       0x50 CMakeFiles/myblink_w.dir/C_/Program_Files/Raspberry_Pi/Pico_SDK_v1.5.1/pico-sdk/src/rp2_common/pico_printf/printf.c.obj
 .rodata.missing_double_func_shim.str1.4
                0x1000a208       0x18 CMakeFiles/myblink_w.dir/C_/Program_Files/Raspberry_Pi/Pico_SDK_v1.5.1/pico-sdk/src/rp2_common/pico_double/double_init_rom.c.obj
 .rodata.__aeabi_double_init.str1.4
                0x1000a220       0xb8 CMakeFiles/myblink_w.dir/C_/Program_Files/Raspberry_Pi/Pico_SDK_v1.5.1/pico-sdk/src/rp2_common/pico_double/double_init_rom.c.obj
 .rodata.__func__.0
                0x1000a2d8       0x14 CMakeFiles/myblink_w.dir/C_/Program_Files/Raspberry_Pi/Pico_SDK_v1.5.1/pico-sdk/src/rp2_common/pico_double/double_init_rom.c.obj
 .rodata.missing_float_func_shim.str1.4
                0x1000a2ec        0x1 CMakeFiles/myblink_w.dir/C_/Program_Files/Raspberry_Pi/Pico_SDK_v1.5.1/pico-sdk/src/rp2_common/pico_float/float_init_rom.c.obj
 .rodata.__aeabi_float_init.str1.4
                0x1000a2ec       0x96 CMakeFiles/myblink_w.dir/C_/Program_Files/Raspberry_Pi/Pico_SDK_v1.5.1/pico-sdk/src/rp2_common/pico_float/float_init_rom.c.obj
 *fill*         0x1000a382        0x2 
 .rodata.__func__.0
                0x1000a384       0x13 CMakeFiles/myblink_w.dir/C_/Program_Files/Raspberry_Pi/Pico_SDK_v1.5.1/pico-sdk/src/rp2_common/pico_float/float_init_rom.c.obj
 *fill*         0x1000a397        0x1 
 .rodata.str1.4
                0x1000a398       0x40 CMakeFiles/myblink_w.dir/C_/Program_Files/Raspberry_Pi/Pico_SDK_v1.5.1/pico-sdk/src/rp2_common/pico_standard_link/binary_info.c.obj
 .rodata.__bi_44
                0x1000a3d8        0xc CMakeFiles/myblink_w.dir/C_/Program_Files/Raspberry_Pi/Pico_SDK_v1.5.1/pico-sdk/src/rp2_common/pico_standard_link/binary_info.c.obj
 .rodata.__bi_75
                0x1000a3e4        0xc CMakeFiles/myblink_w.dir/C_/Program_Files/Raspberry_Pi/Pico_SDK_v1.5.1/pico-sdk/src/rp2_common/pico_standard_link/binary_info.c.obj
 .rodata.__bi_81
                0x1000a3f0        0xc CMakeFiles/myblink_w.dir/C_/Program_Files/Raspberry_Pi/Pico_SDK_v1.5.1/pico-sdk/src/rp2_common/pico_standard_link/binary_info.c.obj
 .rodata.stdout_serialize_begin.str1.4
                0x1000a3fc       0x7d CMakeFiles/myblink_w.dir/C_/Program_Files/Raspberry_Pi/Pico_SDK_v1.5.1/pico-sdk/src/rp2_common/pico_stdio/stdio.c.obj
 .rodata.__func__.3
                0x1000a3fc       0x15 CMakeFiles/myblink_w.dir/C_/Program_Files/Raspberry_Pi/Pico_SDK_v1.5.1/pico-sdk/src/rp2_common/pico_stdio/stdio.c.obj
 *fill*         0x1000a411        0x3 
 .rodata.crlf_str.2
                0x1000a414        0x2 CMakeFiles/myblink_w.dir/C_/Program_Files/Raspberry_Pi/Pico_SDK_v1.5.1/pico-sdk/src/rp2_common/pico_stdio/stdio.c.obj
 *fill*         0x1000a416        0x2 
 .rodata._resetd_driver
                0x1000a418       0x18 CMakeFiles/myblink_w.dir/C_/Program_Files/Raspberry_Pi/Pico_SDK_v1.5.1/pico-sdk/src/rp2_common/pico_stdio_usb/reset_interface.c.obj
 .rodata.low_priority_worker_irq.str1.4
                0x1000a430       0x7d CMakeFiles/myblink_w.dir/C_/Program_Files/Raspberry_Pi/Pico_SDK_v1.5.1/pico-sdk/src/rp2_common/pico_stdio_usb/stdio_usb.c.obj
 .rodata.stdio_usb_init.str1.4
                0x1000a430       0x61 CMakeFiles/myblink_w.dir/C_/Program_Files/Raspberry_Pi/Pico_SDK_v1.5.1/pico-sdk/src/rp2_common/pico_stdio_usb/stdio_usb.c.obj
                                 0x69 (size before relaxing)
 *fill*         0x1000a491        0x3 
 .rodata.str1.4
                0x1000a494       0x13 CMakeFiles/myblink_w.dir/C_/Program_Files/Raspberry_Pi/Pico_SDK_v1.5.1/pico-sdk/src/rp2_common/pico_stdio_usb/stdio_usb.c.obj
 *fill*         0x1000a4a7        0x1 
 .rodata.__bi_182.0
                0x1000a4a8        0xc CMakeFiles/myblink_w.dir/C_/Program_Files/Raspberry_Pi/Pico_SDK_v1.5.1/pico-sdk/src/rp2_common/pico_stdio_usb/stdio_usb.c.obj
 .rodata.__func__.1
                0x1000a4b4        0xf CMakeFiles/myblink_w.dir/C_/Program_Files/Raspberry_Pi/Pico_SDK_v1.5.1/pico-sdk/src/rp2_common/pico_stdio_usb/stdio_usb.c.obj
 *fill*         0x1000a4c3        0x1 
 .rodata.__func__.3
                0x1000a4c4       0x15 CMakeFiles/myblink_w.dir/C_/Program_Files/Raspberry_Pi/Pico_SDK_v1.5.1/pico-sdk/src/rp2_common/pico_stdio_usb/stdio_usb.c.obj
 *fill*         0x1000a4d9        0x3 
 .rodata.str1.4
                0x1000a4dc       0x2a CMakeFiles/myblink_w.dir/C_/Program_Files/Raspberry_Pi/Pico_SDK_v1.5.1/pico-sdk/src/rp2_common/pico_stdio_usb/stdio_usb_descriptors.c.obj
 *fill*         0x1000a506        0x2 
 .rodata.usbd_desc_cfg
                0x1000a508       0x54 CMakeFiles/myblink_w.dir/C_/Program_Files/Raspberry_Pi/Pico_SDK_v1.5.1/pico-sdk/src/rp2_common/pico_stdio_usb/stdio_usb_descriptors.c.obj
 .rodata.usbd_desc_device
                0x1000a55c       0x12 CMakeFiles/myblink_w.dir/C_/Program_Files/Raspberry_Pi/Pico_SDK_v1.5.1/pico-sdk/src/rp2_common/pico_stdio_usb/stdio_usb_descriptors.c.obj
 *fill*         0x1000a56e        0x2 
 .rodata.usbd_desc_str
                0x1000a570       0x18 CMakeFiles/myblink_w.dir/C_/Program_Files/Raspberry_Pi/Pico_SDK_v1.5.1/pico-sdk/src/rp2_common/pico_stdio_usb/stdio_usb_descriptors.c.obj
 .rodata.pico_get_unique_board_id_string.str1.4
                0x1000a588       0x69 CMakeFiles/myblink_w.dir/C_/Program_Files/Raspberry_Pi/Pico_SDK_v1.5.1/pico-sdk/src/rp2_common/pico_unique_id/unique_id.c.obj
 *fill*         0x1000a5f1        0x3 
 .rodata.__func__.0
                0x1000a5f4       0x20 CMakeFiles/myblink_w.dir/C_/Program_Files/Raspberry_Pi/Pico_SDK_v1.5.1/pico-sdk/src/rp2_common/pico_unique_id/unique_id.c.obj
 .rodata.str1.4
                0x1000a614      0x176 CMakeFiles/myblink_w.dir/C_/Program_Files/Raspberry_Pi/Pico_SDK_v1.5.1/pico-sdk/src/rp2_common/hardware_flash/flash.c.obj
 *fill*         0x1000a78a        0x2 
 .rodata.__func__.0
                0x1000a78c        0xd CMakeFiles/myblink_w.dir/C_/Program_Files/Raspberry_Pi/Pico_SDK_v1.5.1/pico-sdk/src/rp2_common/hardware_flash/flash.c.obj
 *fill*         0x1000a799        0x3 
 .rodata._hw_endpoint_alloc.str1.4
                0x1000a79c       0xd1 CMakeFiles/myblink_w.dir/C_/Program_Files/Raspberry_Pi/Pico_SDK_v1.5.1/pico-sdk/lib/tinyusb/src/portable/raspberrypi/rp2040/dcd_rp2040.c.obj
 *fill*         0x1000a86d        0x3 